Product: MDK-ARM Professional 5.10
Component: ARM Compiler 5.04 update 1 (build 49)
Tool: armlink [5040049]

==============================================================================

Section Cross References

    app.o(i.main) refers to spi_msd_driver.o(i.MSD_SPI_Configuration) for MSD_SPI_Configuration
    app.o(i.main) refers to usbd_core.o(i.USBD_Init) for USBD_Init
    app.o(i.main) refers to usbd_usr.o(.data) for USR_cb
    app.o(i.main) refers to usbd_msc_core.o(.data) for USBD_MSC_cb
    app.o(i.main) refers to usbd_desc.o(.data) for USR_desc
    app.o(i.main) refers to app.o(.bss) for .bss
    stm32fxxx_it.o(i.OTG_FS_IRQHandler) refers to usb_dcd_int.o(i.USBD_OTG_ISR_Handler) for USBD_OTG_ISR_Handler
    stm32fxxx_it.o(i.OTG_FS_IRQHandler) refers to app.o(.bss) for USB_OTG_dev
    usb_bsp.o(i.USB_OTG_BSP_EnableInterrupt) refers to misc.o(i.NVIC_PriorityGroupConfig) for NVIC_PriorityGroupConfig
    usb_bsp.o(i.USB_OTG_BSP_EnableInterrupt) refers to misc.o(i.NVIC_Init) for NVIC_Init
    usb_bsp.o(i.USB_OTG_BSP_Init) refers to stm32f4xx_rcc.o(i.RCC_AHB1PeriphClockCmd) for RCC_AHB1PeriphClockCmd
    usb_bsp.o(i.USB_OTG_BSP_Init) refers to stm32f4xx_gpio.o(i.GPIO_Init) for GPIO_Init
    usb_bsp.o(i.USB_OTG_BSP_Init) refers to stm32f4xx_gpio.o(i.GPIO_PinAFConfig) for GPIO_PinAFConfig
    usb_bsp.o(i.USB_OTG_BSP_Init) refers to stm32f4xx_rcc.o(i.RCC_APB2PeriphClockCmd) for RCC_APB2PeriphClockCmd
    usb_bsp.o(i.USB_OTG_BSP_Init) refers to stm32f4xx_rcc.o(i.RCC_AHB2PeriphClockCmd) for RCC_AHB2PeriphClockCmd
    usb_bsp.o(i.USB_OTG_BSP_mDelay) refers to usb_bsp.o(i.USB_OTG_BSP_uDelay) for USB_OTG_BSP_uDelay
    usbd_usr.o(i.USBD_USR_DeviceConfigured) refers to stm32f4_discovery.o(i.STM_EVAL_LEDToggle) for STM_EVAL_LEDToggle
    usbd_usr.o(i.USBD_USR_DeviceConnected) refers to stm32f4_discovery.o(i.STM_EVAL_LEDToggle) for STM_EVAL_LEDToggle
    usbd_usr.o(i.USBD_USR_DeviceDisconnected) refers to stm32f4_discovery.o(i.STM_EVAL_LEDToggle) for STM_EVAL_LEDToggle
    usbd_usr.o(i.USBD_USR_DeviceReset) refers to stm32f4_discovery.o(i.STM_EVAL_LEDToggle) for STM_EVAL_LEDToggle
    usbd_usr.o(i.USBD_USR_Init) refers to stm32f4_discovery.o(i.STM_EVAL_LEDInit) for STM_EVAL_LEDInit
    usbd_usr.o(.data) refers to usbd_usr.o(i.USBD_USR_Init) for USBD_USR_Init
    usbd_usr.o(.data) refers to usbd_usr.o(i.USBD_USR_DeviceReset) for USBD_USR_DeviceReset
    usbd_usr.o(.data) refers to usbd_usr.o(i.USBD_USR_DeviceConfigured) for USBD_USR_DeviceConfigured
    usbd_usr.o(.data) refers to usbd_usr.o(i.USBD_USR_DeviceSuspended) for USBD_USR_DeviceSuspended
    usbd_usr.o(.data) refers to usbd_usr.o(i.USBD_USR_DeviceResumed) for USBD_USR_DeviceResumed
    usbd_usr.o(.data) refers to usbd_usr.o(i.USBD_USR_DeviceConnected) for USBD_USR_DeviceConnected
    usbd_usr.o(.data) refers to usbd_usr.o(i.USBD_USR_DeviceDisconnected) for USBD_USR_DeviceDisconnected
    usbd_storage_msd.o(i.STORAGE_GetCapacity) refers to spi_msd_driver.o(i.MSD_GetCardInfo) for MSD_GetCardInfo
    usbd_storage_msd.o(i.STORAGE_GetCapacity) refers to spi_msd_driver.o(.bss) for CardInfo
    usbd_storage_msd.o(i.STORAGE_Init) refers to spi_msd_driver.o(i.MSD_Init) for MSD_Init
    usbd_storage_msd.o(i.STORAGE_IsReady) refers to spi_msd_driver.o(i.MSD_Init) for MSD_Init
    usbd_storage_msd.o(i.STORAGE_Read) refers to spi_msd_driver.o(i.MSD_ReadMultiBlock) for MSD_ReadMultiBlock
    usbd_storage_msd.o(i.STORAGE_Write) refers to spi_msd_driver.o(i.MSD_WriteMultiBlock) for MSD_WriteMultiBlock
    usbd_storage_msd.o(.data) refers to usbd_storage_msd.o(i.STORAGE_Init) for STORAGE_Init
    usbd_storage_msd.o(.data) refers to usbd_storage_msd.o(i.STORAGE_GetCapacity) for STORAGE_GetCapacity
    usbd_storage_msd.o(.data) refers to usbd_storage_msd.o(i.STORAGE_IsReady) for STORAGE_IsReady
    usbd_storage_msd.o(.data) refers to usbd_storage_msd.o(i.STORAGE_IsWriteProtected) for STORAGE_IsWriteProtected
    usbd_storage_msd.o(.data) refers to usbd_storage_msd.o(i.STORAGE_Read) for STORAGE_Read
    usbd_storage_msd.o(.data) refers to usbd_storage_msd.o(i.STORAGE_Write) for STORAGE_Write
    usbd_storage_msd.o(.data) refers to usbd_storage_msd.o(i.STORAGE_GetMaxLun) for STORAGE_GetMaxLun
    usbd_storage_msd.o(.data) refers to usbd_storage_msd.o(.constdata) for STORAGE_Inquirydata
    usbd_storage_msd.o(.data) refers to usbd_storage_msd.o(.data) for USBD_MICRO_SDIO_fops
    usbd_desc.o(i.USBD_USR_ConfigStrDescriptor) refers to usbd_req.o(i.USBD_GetString) for USBD_GetString
    usbd_desc.o(i.USBD_USR_ConfigStrDescriptor) refers to usbd_req.o(.bss) for USBD_StrDesc
    usbd_desc.o(i.USBD_USR_DeviceDescriptor) refers to usbd_desc.o(.data) for .data
    usbd_desc.o(i.USBD_USR_InterfaceStrDescriptor) refers to usbd_req.o(i.USBD_GetString) for USBD_GetString
    usbd_desc.o(i.USBD_USR_InterfaceStrDescriptor) refers to usbd_req.o(.bss) for USBD_StrDesc
    usbd_desc.o(i.USBD_USR_LangIDStrDescriptor) refers to usbd_desc.o(.data) for .data
[...]
    Removing stm32f4xx_rcc.o(i.RCC_GetSYSCLKSource), (16 bytes).
    Removing stm32f4xx_rcc.o(i.RCC_HCLKConfig), (20 bytes).
    Removing stm32f4xx_rcc.o(i.RCC_HSEConfig), (16 bytes).
    Removing stm32f4xx_rcc.o(i.RCC_HSICmd), (12 bytes).
    Removing stm32f4xx_rcc.o(i.RCC_I2SCLKConfig), (12 bytes).
    Removing stm32f4xx_rcc.o(i.RCC_ITConfig), (24 bytes).
    Removing stm32f4xx_rcc.o(i.RCC_LSEConfig), (28 bytes).
    Removing stm32f4xx_rcc.o(i.RCC_LSICmd), (12 bytes).
    Removing stm32f4xx_rcc.o(i.RCC_MCO1Config), (20 bytes).
    Removing stm32f4xx_rcc.o(i.RCC_MCO2Config), (20 bytes).
    Removing stm32f4xx_rcc.o(i.RCC_PCLK1Config), (20 bytes).
    Removing stm32f4xx_rcc.o(i.RCC_PCLK2Config), (20 bytes).
    Removing stm32f4xx_rcc.o(i.RCC_PLLCmd), (12 bytes).
    Removing stm32f4xx_rcc.o(i.RCC_PLLConfig), (40 bytes).
    Removing stm32f4xx_rcc.o(i.RCC_PLLI2SCmd), (12 bytes).
    Removing stm32f4xx_rcc.o(i.RCC_PLLI2SConfig), (16 bytes).
    Removing stm32f4xx_rcc.o(i.RCC_RTCCLKCmd), (12 bytes).
    Removing stm32f4xx_rcc.o(i.RCC_RTCCLKConfig), (48 bytes).
    Removing stm32f4xx_rcc.o(i.RCC_SYSCLKConfig), (20 bytes).
    Removing stm32f4xx_rcc.o(i.RCC_WaitForHSEStartUp), (44 bytes).
    Removing stm32f4xx_rcc.o(.data), (16 bytes).
    Removing stm32f4xx_spi.o(.emb_text), (8 bytes).
    Removing stm32f4xx_spi.o(i.I2S_Cmd), (20 bytes).
    Removing stm32f4xx_spi.o(i.I2S_FullDuplexConfig), (58 bytes).
    Removing stm32f4xx_spi.o(i.I2S_Init), (200 bytes).
    Removing stm32f4xx_spi.o(i.I2S_StructInit), (18 bytes).
    Removing stm32f4xx_spi.o(i.SPI_BiDirectionalLineConfig), (22 bytes).
    Removing stm32f4xx_spi.o(i.SPI_CalculateCRC), (20 bytes).
    Removing stm32f4xx_spi.o(i.SPI_DataSizeConfig), (16 bytes).
    Removing stm32f4xx_spi.o(i.SPI_GetCRC), (12 bytes).
    Removing stm32f4xx_spi.o(i.SPI_GetCRCPolynomial), (4 bytes).
    Removing stm32f4xx_spi.o(i.SPI_I2S_ClearFlag), (6 bytes).
    Removing stm32f4xx_spi.o(i.SPI_I2S_ClearITPendingBit), (14 bytes).
    Removing stm32f4xx_spi.o(i.SPI_I2S_DMACmd), (16 bytes).
    Removing stm32f4xx_spi.o(i.SPI_I2S_DeInit), (84 bytes).
    Removing stm32f4xx_spi.o(i.SPI_I2S_GetITStatus), (42 bytes).
    Removing stm32f4xx_spi.o(i.SPI_I2S_ITConfig), (24 bytes).
    Removing stm32f4xx_spi.o(i.SPI_NSSInternalSoftwareConfig), (24 bytes).
    Removing stm32f4xx_spi.o(i.SPI_SSOutputCmd), (20 bytes).
    Removing stm32f4xx_spi.o(i.SPI_StructInit), (24 bytes).
    Removing stm32f4xx_spi.o(i.SPI_TIModeCmd), (20 bytes).
    Removing stm32f4xx_spi.o(i.SPI_TransmitCRC), (10 bytes).
    Removing stm32f4xx_syscfg.o(.emb_text), (8 bytes).
    Removing stm32f4xx_syscfg.o(i.SYSCFG_CompensationCellCmd), (12 bytes).
    Removing stm32f4xx_syscfg.o(i.SYSCFG_DeInit), (24 bytes).
    Removing stm32f4xx_syscfg.o(i.SYSCFG_ETH_MediaInterfaceConfig), (12 bytes).
    Removing stm32f4xx_syscfg.o(i.SYSCFG_EXTILineConfig), (48 bytes).
    Removing stm32f4xx_syscfg.o(i.SYSCFG_GetCompensationCellStatus), (20 bytes).
    Removing stm32f4xx_syscfg.o(i.SYSCFG_MemoryRemapConfig), (12 bytes).
    Removing stm32f4_discovery.o(.emb_text), (8 bytes).
    Removing stm32f4_discovery.o(i.STM_EVAL_LEDOff), (24 bytes).
    Removing stm32f4_discovery.o(i.STM_EVAL_LEDOn), (24 bytes).
    Removing stm32f4_discovery.o(i.STM_EVAL_PBGetState), (24 bytes).
    Removing stm32f4_discovery.o(i.STM_EVAL_PBInit), (152 bytes).
    Removing stm32f4_discovery.o(.data), (4 bytes).
    Removing spi_msd_driver.o(.emb_text), (8 bytes).
    Removing spi_msd_driver.o(i.MSD_ReadSingleBlock), (68 bytes).
    Removing spi_msd_driver.o(i.MSD_WriteSingleBlock), (204 bytes).

286 unused section(s) (total 9346 bytes) removed from the image.

==============================================================================

Image Symbol Table

    Local Symbols

    Symbol Name                              Value     Ov Type        Size  Object(Section)

    ../clib/../cmprslib/zerorunl2.c          0x00000000   Number         0  __dczerorl2.o ABSOLUTE
    ../clib/microlib/init/entry.s            0x00000000   Number         0  entry10a.o ABSOLUTE
    ../clib/microlib/init/entry.s            0x00000000   Number         0  entry7b.o ABSOLUTE
    ../clib/microlib/init/entry.s            0x00000000   Number         0  entry7a.o ABSOLUTE
    ../clib/microlib/init/entry.s            0x00000000   Number         0  entry9b.o ABSOLUTE
    ../clib/microlib/init/entry.s            0x00000000   Number         0  entry9a.o ABSOLUTE
    ../clib/microlib/init/entry.s            0x00000000   Number         0  entry8b.o ABSOLUTE
    ../clib/microlib/init/entry.s            0x00000000   Number         0  entry8a.o ABSOLUTE
    ../clib/microlib/init/entry.s            0x00000000   Number         0  entry.o ABSOLUTE
    ../clib/microlib/init/entry.s            0x00000000   Number         0  entry5.o ABSOLUTE
    ../clib/microlib/init/entry.s            0x00000000   Number         0  entry11b.o ABSOLUTE
    ../clib/microlib/init/entry.s            0x00000000   Number         0  entry11a.o ABSOLUTE
    ../clib/microlib/init/entry.s            0x00000000   Number         0  entry10b.o ABSOLUTE
    ../clib/microlib/init/entry.s            0x00000000   Number         0  entry2.o ABSOLUTE
    ..\Libraries\CMSIS\Device\ST\STM32F4xx\Source\Templates\arm\startup_stm32f4xx.s 0x00000000   Number         0  startup_stm32f4xx.o ABSOLUTE
    ..\Libraries\STM32F4-Discovery\SPI_MSD_Driver.c 0x00000000   Number         0  spi_msd_driver.o ABSOLUTE
    ..\Libraries\STM32F4-Discovery\stm32f4_discovery.c 0x00000000   Number         0  stm32f4_discovery.o ABSOLUTE
    ..\Libraries\STM32F4xx_StdPeriph_Driver\src\misc.c 0x00000000   Number         0  misc.o ABSOLUTE
    ..\Libraries\STM32F4xx_StdPeriph_Driver\src\stm32f4xx_dma.c 0x00000000   Number         0  stm32f4xx_dma.o ABSOLUTE
    ..\Libraries\STM32F4xx_StdPeriph_Driver\src\stm32f4xx_exti.c 0x00000000   Number         0  stm32f4xx_exti.o ABSOLUTE
    ..\Libraries\STM32F4xx_StdPeriph_Driver\src\stm32f4xx_flash.c 0x00000000   Number         0  stm32f4xx_flash.o ABSOLUTE
    ..\Libraries\STM32F4xx_StdPeriph_Driver\src\stm32f4xx_fsmc.c 0x00000000   Number         0  stm32f4xx_fsmc.o ABSOLUTE
    ..\Libraries\STM32F4xx_StdPeriph_Driver\src\stm32f4xx_gpio.c 0x00000000   Number         0  stm32f4xx_gpio.o ABSOLUTE
    ..\Libraries\STM32F4xx_StdPeriph_Driver\src\stm32f4xx_i2c.c 0x00000000   Number         0  stm32f4xx_i2c.o ABSOLUTE
    ..\Libraries\STM32F4xx_StdPeriph_Driver\src\stm32f4xx_pwr.c 0x00000000   Number         0  stm32f4xx_pwr.o ABSOLUTE
    ..\Libraries\STM32F4xx_StdPeriph_Driver\src\stm32f4xx_rcc.c 0x00000000   Number         0  stm32f4xx_rcc.o ABSOLUTE
    ..\Libraries\STM32F4xx_StdPeriph_Driver\src\stm32f4xx_spi.c 0x00000000   Number         0  stm32f4xx_spi.o ABSOLUTE
    ..\Libraries\STM32F4xx_StdPeriph_Driver\src\stm32f4xx_syscfg.c 0x00000000   Number         0  stm32f4xx_syscfg.o ABSOLUTE
    ..\Libraries\STM32F4xx_StdPeriph_Driver\src\stm32f4xx_usart.c 0x00000000   Number         0  stm32f4xx_usart.o ABSOLUTE
    ..\Libraries\STM32_USB_Device_Library\Class\msc\src\usbd_msc_bot.c 0x00000000   Number         0  usbd_msc_bot.o ABSOLUTE
    ..\Libraries\STM32_USB_Device_Library\Class\msc\src\usbd_msc_core.c 0x00000000   Number         0  usbd_msc_core.o ABSOLUTE
    ..\Libraries\STM32_USB_Device_Library\Class\msc\src\usbd_msc_data.c 0x00000000   Number         0  usbd_msc_data.o ABSOLUTE
    ..\Libraries\STM32_USB_Device_Library\Class\msc\src\usbd_msc_scsi.c 0x00000000   Number         0  usbd_msc_scsi.o ABSOLUTE
    ..\Libraries\STM32_USB_Device_Library\Core\src\usbd_core.c 0x00000000   Number         0  usbd_core.o ABSOLUTE
    ..\Libraries\STM32_USB_Device_Library\Core\src\usbd_ioreq.c 0x00000000   Number         0  usbd_ioreq.o ABSOLUTE
    ..\Libraries\STM32_USB_Device_Library\Core\src\usbd_req.c 0x00000000   Number         0  usbd_req.o ABSOLUTE
    ..\Libraries\STM32_USB_OTG_Driver\src\usb_core.c 0x00000000   Number         0  usb_core.o ABSOLUTE
    ..\Libraries\STM32_USB_OTG_Driver\src\usb_dcd.c 0x00000000   Number         0  usb_dcd.o ABSOLUTE
    ..\Libraries\STM32_USB_OTG_Driver\src\usb_dcd_int.c 0x00000000   Number         0  usb_dcd_int.o ABSOLUTE
    ..\\Libraries\\STM32F4-Discovery\\SPI_MSD_Driver.c 0x00000000   Number         0  spi_msd_driver.o ABSOLUTE
    ..\\Libraries\\STM32F4-Discovery\\stm32f4_discovery.c 0x00000000   Number         0  stm32f4_discovery.o ABSOLUTE
    ..\\Libraries\\STM32F4xx_StdPeriph_Driver\\src\\misc.c 0x00000000   Number         0  misc.o ABSOLUTE
    ..\\Libraries\\STM32F4xx_StdPeriph_Driver\\src\\stm32f4xx_dma.c 0x00000000   Number         0  stm32f4xx_dma.o ABSOLUTE
    ..\\Libraries\\STM32F4xx_StdPeriph_Driver\\src\\stm32f4xx_exti.c 0x00000000   Number         0  stm32f4xx_exti.o ABSOLUTE
    ..\\Libraries\\STM32F4xx_StdPeriph_Driver\\src\\stm32f4xx_flash.c 0x00000000   Number         0  stm32f4xx_flash.o ABSOLUTE
    ..\\Libraries\\STM32F4xx_StdPeriph_Driver\\src\\stm32f4xx_fsmc.c 0x00000000   Number         0  stm32f4xx_fsmc.o ABSOLUTE
    ..\\Libraries\\STM32F4xx_StdPeriph_Driver\\src\\stm32f4xx_gpio.c 0x00000000   Number         0  stm32f4xx_gpio.o ABSOLUTE
    ..\\Libraries\\STM32F4xx_StdPeriph_Driver\\src\\stm32f4xx_i2c.c 0x00000000   Number         0  stm32f4xx_i2c.o ABSOLUTE
    ..\\Libraries\\STM32F4xx_StdPeriph_Driver\\src\\stm32f4xx_pwr.c 0x00000000   Number         0  stm32f4xx_pwr.o ABSOLUTE
    ..\\Libraries\\STM32F4xx_StdPeriph_Driver\\src\\stm32f4xx_rcc.c 0x00000000   Number         0  stm32f4xx_rcc.o ABSOLUTE
    ..\\Libraries\\STM32F4xx_StdPeriph_Driver\\src\\stm32f4xx_spi.c 0x00000000   Number         0  stm32f4xx_spi.o ABSOLUTE
    ..\\Libraries\\STM32F4xx_StdPeriph_Driver\\src\\stm32f4xx_syscfg.c 0x00000000   Number         0  stm32f4xx_syscfg.o ABSOLUTE
    ..\\Libraries\\STM32F4xx_StdPeriph_Driver\\src\\stm32f4xx_usart.c 0x00000000   Number         0  stm32f4xx_usart.o ABSOLUTE
    ..\\Libraries\\STM32_USB_Device_Library\\Class\\msc\\src\\usbd_msc_bot.c 0x00000000   Number         0  usbd_msc_bot.o ABSOLUTE
    ..\\Libraries\\STM32_USB_Device_Library\\Class\\msc\\src\\usbd_msc_core.c 0x00000000   Number         0  usbd_msc_core.o ABSOLUTE
    ..\\Libraries\\STM32_USB_Device_Library\\Class\\msc\\src\\usbd_msc_data.c 0x00000000   Number         0  usbd_msc_data.o ABSOLUTE
    ..\\Libraries\\STM32_USB_Device_Library\\Class\\msc\\src\\usbd_msc_scsi.c 0x00000000   Number         0  usbd_msc_scsi.o ABSOLUTE
    ..\\Libraries\\STM32_USB_Device_Library\\Core\\src\\usbd_core.c 0x00000000   Number         0  usbd_core.o ABSOLUTE
    ..\\Libraries\\STM32_USB_Device_Library\\Core\\src\\usbd_ioreq.c 0x00000000   Number         0  usbd_ioreq.o ABSOLUTE
    ..\\Libraries\\STM32_USB_Device_Library\\Core\\src\\usbd_req.c 0x00000000   Number         0  usbd_req.o ABSOLUTE
    ..\\Libraries\\STM32_USB_OTG_Driver\\src\\usb_core.c 0x00000000   Number         0  usb_core.o ABSOLUTE
    ..\\Libraries\\STM32_USB_OTG_Driver\\src\\usb_dcd.c 0x00000000   Number         0  usb_dcd.o ABSOLUTE
    ..\\Libraries\\STM32_USB_OTG_Driver\\src\\usb_dcd_int.c 0x00000000   Number         0  usb_dcd_int.o ABSOLUTE
    ..\\src\\app.c                           0x00000000   Number         0  app.o ABSOLUTE
    ..\\src\\stm32fxxx_it.c                  0x00000000   Number         0  stm32fxxx_it.o ABSOLUTE
    ..\\src\\system_stm32f4xx.c              0x00000000   Number         0  system_stm32f4xx.o ABSOLUTE
    ..\\src\\usb_bsp.c                       0x00000000   Number         0  usb_bsp.o ABSOLUTE
    ..\\src\\usbd_desc.c                     0x00000000   Number         0  usbd_desc.o ABSOLUTE
    ..\\src\\usbd_storage_msd.c              0x00000000   Number         0  usbd_storage_msd.o ABSOLUTE
    ..\\src\\usbd_usr.c                      0x00000000   Number         0  usbd_usr.o ABSOLUTE
    ..\src\app.c                             0x00000000   Number         0  app.o ABSOLUTE
    ..\src\stm32fxxx_it.c                    0x00000000   Number         0  stm32fxxx_it.o ABSOLUTE
    ..\src\system_stm32f4xx.c                0x00000000   Number         0  system_stm32f4xx.o ABSOLUTE
    ..\src\usb_bsp.c                         0x00000000   Number         0  usb_bsp.o ABSOLUTE
    ..\src\usbd_desc.c                       0x00000000   Number         0  usbd_desc.o ABSOLUTE
    ..\src\usbd_storage_msd.c                0x00000000   Number         0  usbd_storage_msd.o ABSOLUTE
    ..\src\usbd_usr.c                        0x00000000   Number         0  usbd_usr.o ABSOLUTE
    dc.s                                     0x00000000   Number         0  dc.o ABSOLUTE
    handlers.s                               0x00000000   Number         0  handlers.o ABSOLUTE
    init.s                                   0x00000000   Number         0  init.o ABSOLUTE
    RESET                                    0x08000000   Section      392  startup_stm32f4xx.o(RESET)
    .ARM.Collect$$$$00000000                 0x08000188   Section        0  entry.o(.ARM.Collect$$$$00000000)
    .ARM.Collect$$$$00000001                 0x08000188   Section        4  entry2.o(.ARM.Collect$$$$00000001)
    .ARM.Collect$$$$00000004                 0x0800018c   Section        4  entry5.o(.ARM.Collect$$$$00000004)
    .ARM.Collect$$$$00000008                 0x08000190   Section        0  entry7b.o(.ARM.Collect$$$$00000008)
    .ARM.Collect$$$$0000000A                 0x08000190   Section        0  entry8b.o(.ARM.Collect$$$$0000000A)
    .ARM.Collect$$$$0000000B                 0x08000190   Section        8  entry9a.o(.ARM.Collect$$$$0000000B)
    .ARM.Collect$$$$0000000D                 0x08000198   Section        0  entry10a.o(.ARM.Collect$$$$0000000D)
    .ARM.Collect$$$$0000000F                 0x08000198   Section        0  entry11a.o(.ARM.Collect$$$$0000000F)
    .ARM.Collect$$$$00002712                 0x08000198   Section        4  entry2.o(.ARM.Collect$$$$00002712)
    __lit__00000000                          0x08000198   Data           4  entry2.o(.ARM.Collect$$$$00002712)
    .text                                    0x0800019c   Section       36  startup_stm32f4xx.o(.text)
    $v0                                      0x0800019c   Number         0  startup_stm32f4xx.o(.text)
    .text                                    0x080001c0   Section       36  init.o(.text)
    .text                                    0x080001e4   Section        0  __dczerorl2.o(.text)
    i.BusFault_Handler                       0x0800023a   Section        0  stm32fxxx_it.o(i.BusFault_Handler)
    i.DCD_EP_Close                           0x0800023c   Section        0  usb_dcd.o(i.DCD_EP_Close)
    i.DCD_EP_ClrStall                        0x08000268   Section        0  usb_dcd.o(i.DCD_EP_ClrStall)
    i.DCD_EP_Flush                           0x080002a0   Section        0  usb_dcd.o(i.DCD_EP_Flush)
    i.DCD_EP_Open                            0x080002b8   Section        0  usb_dcd.o(i.DCD_EP_Open)
    i.DCD_EP_PrepareRx                       0x080002f4   Section        0  usb_dcd.o(i.DCD_EP_PrepareRx)
    i.DCD_EP_SetAddress                      0x08000338   Section        0  usb_dcd.o(i.DCD_EP_SetAddress)
    i.DCD_EP_Stall                           0x08000348   Section        0  usb_dcd.o(i.DCD_EP_Stall)
    i.DCD_EP_Tx                              0x08000380   Section        0  usb_dcd.o(i.DCD_EP_Tx)
    i.DCD_HandleInEP_ISR                     0x080003c0   Section        0  usb_dcd_int.o(i.DCD_HandleInEP_ISR)
    DCD_HandleInEP_ISR                       0x080003c1   Thumb Code   198  usb_dcd_int.o(i.DCD_HandleInEP_ISR)
    i.DCD_HandleOutEP_ISR                    0x0800048c   Section        0  usb_dcd_int.o(i.DCD_HandleOutEP_ISR)
    DCD_HandleOutEP_ISR                      0x0800048d   Thumb Code   166  usb_dcd_int.o(i.DCD_HandleOutEP_ISR)
    i.DCD_HandleRxStatusQueueLevel_ISR       0x08000538   Section        0  usb_dcd_int.o(i.DCD_HandleRxStatusQueueLevel_ISR)
    DCD_HandleRxStatusQueueLevel_ISR         0x08000539   Thumb Code   124  usb_dcd_int.o(i.DCD_HandleRxStatusQueueLevel_ISR)
    i.DCD_HandleUSBSuspend_ISR               0x080005b4   Section        0  usb_dcd_int.o(i.DCD_HandleUSBSuspend_ISR)
    DCD_HandleUSBSuspend_ISR                 0x080005b5   Thumb Code   102  usb_dcd_int.o(i.DCD_HandleUSBSuspend_ISR)
    i.DCD_HandleUsbReset_ISR                 0x08000624   Section        0  usb_dcd_int.o(i.DCD_HandleUsbReset_ISR)
    DCD_HandleUsbReset_ISR                   0x08000625   Thumb Code   128  usb_dcd_int.o(i.DCD_HandleUsbReset_ISR)
    i.DCD_Init                               0x080006a8   Section        0  usb_dcd.o(i.DCD_Init)
    i.DCD_WriteEmptyTxFifo                   0x0800073c   Section        0  usb_dcd_int.o(i.DCD_WriteEmptyTxFifo)
    DCD_WriteEmptyTxFifo                     0x0800073d   Thumb Code   126  usb_dcd_int.o(i.DCD_WriteEmptyTxFifo)
    i.DebugMon_Handler                       0x080007ba   Section        0  stm32fxxx_it.o(i.DebugMon_Handler)
    i.GPIO_Init                              0x080007bc   Section        0  stm32f4xx_gpio.o(i.GPIO_Init)
    i.GPIO_PinAFConfig                       0x0800085e   Section        0  stm32f4xx_gpio.o(i.GPIO_PinAFConfig)
    i.GPIO_ReadInputDataBit                  0x0800087e   Section        0  stm32f4xx_gpio.o(i.GPIO_ReadInputDataBit)
    i.GPIO_ResetBits                         0x0800088c   Section        0  stm32f4xx_gpio.o(i.GPIO_ResetBits)
    i.GPIO_SetBits                           0x08000890   Section        0  stm32f4xx_gpio.o(i.GPIO_SetBits)
    i.HardFault_Handler                      0x08000894   Section        0  stm32fxxx_it.o(i.HardFault_Handler)
    i.MSC_BOT_Abort                          0x08000898   Section        0  usbd_msc_bot.o(i.MSC_BOT_Abort)
    MSC_BOT_Abort                            0x08000899   Thumb Code    60  usbd_msc_bot.o(i.MSC_BOT_Abort)
    i.MSC_BOT_CBW_Decode                     0x080008dc   Section        0  usbd_msc_bot.o(i.MSC_BOT_CBW_Decode)
    MSC_BOT_CBW_Decode                       0x080008dd   Thumb Code   168  usbd_msc_bot.o(i.MSC_BOT_CBW_Decode)
    i.MSC_BOT_CplClrFeature                  0x08000994   Section        0  usbd_msc_bot.o(i.MSC_BOT_CplClrFeature)
    i.MSC_BOT_DataIn                         0x080009c0   Section        0  usbd_msc_bot.o(i.MSC_BOT_DataIn)
    i.MSC_BOT_DataOut                        0x08000a00   Section        0  usbd_msc_bot.o(i.MSC_BOT_DataOut)
    i.MSC_BOT_DeInit                         0x08000a40   Section        0  usbd_msc_bot.o(i.MSC_BOT_DeInit)
    i.MSC_BOT_Init                           0x08000a4c   Section        0  usbd_msc_bot.o(i.MSC_BOT_Init)
    i.MSC_BOT_Reset                          0x08000a90   Section        0  usbd_msc_bot.o(i.MSC_BOT_Reset)
    i.MSC_BOT_SendCSW                        0x08000aac   Section        0  usbd_msc_bot.o(i.MSC_BOT_SendCSW)
    i.MSD_GetCardInfo                        0x08000ae8   Section        0  spi_msd_driver.o(i.MSD_GetCardInfo)
    i.MSD_Init                               0x08000da4   Section        0  spi_msd_driver.o(i.MSD_Init)
    i.MSD_ReadMultiBlock                     0x08000f6c   Section        0  spi_msd_driver.o(i.MSD_ReadMultiBlock)
    i.MSD_SPIHighSpeed                       0x08000fe8   Section        0  spi_msd_driver.o(i.MSD_SPIHighSpeed)
    i.MSD_SPI_Configuration                  0x08001038   Section        0  spi_msd_driver.o(i.MSD_SPI_Configuration)
    i.MSD_WriteMultiBlock                    0x08001108   Section        0  spi_msd_driver.o(i.MSD_WriteMultiBlock)
    i.MemManage_Handler                      0x08001224   Section        0  stm32fxxx_it.o(i.MemManage_Handler)
    i.NMI_Handler                            0x08001226   Section        0  stm32fxxx_it.o(i.NMI_Handler)
    i.NVIC_Init                              0x08001228   Section        0  misc.o(i.NVIC_Init)
    i.NVIC_PriorityGroupConfig               0x0800128c   Section        0  misc.o(i.NVIC_PriorityGroupConfig)
    i.OTG_FS_IRQHandler                      0x080012a0   Section        0  stm32fxxx_it.o(i.OTG_FS_IRQHandler)
    i.PendSV_Handler                         0x080012ac   Section        0  stm32fxxx_it.o(i.PendSV_Handler)
    i.RCC_AHB1PeriphClockCmd                 0x080012b0   Section        0  stm32f4xx_rcc.o(i.RCC_AHB1PeriphClockCmd)
    i.RCC_AHB2PeriphClockCmd                 0x080012c8   Section        0  stm32f4xx_rcc.o(i.RCC_AHB2PeriphClockCmd)
    i.RCC_APB1PeriphClockCmd                 0x080012e0   Section        0  stm32f4xx_rcc.o(i.RCC_APB1PeriphClockCmd)
    i.RCC_APB2PeriphClockCmd                 0x080012f8   Section        0  stm32f4xx_rcc.o(i.RCC_APB2PeriphClockCmd)
    i.SCSI_CheckAddressRange                 0x08001310   Section        0  usbd_msc_scsi.o(i.SCSI_CheckAddressRange)
    SCSI_CheckAddressRange                   0x08001311   Thumb Code    30  usbd_msc_scsi.o(i.SCSI_CheckAddressRange)
    i.SCSI_ProcessCmd                        0x08001334   Section        0  usbd_msc_scsi.o(i.SCSI_ProcessCmd)
    i.SCSI_ProcessRead                       0x0800149c   Section        0  usbd_msc_scsi.o(i.SCSI_ProcessRead)
    SCSI_ProcessRead                         0x0800149d   Thumb Code   114  usbd_msc_scsi.o(i.SCSI_ProcessRead)
    i.SCSI_ProcessWrite                      0x08001524   Section        0  usbd_msc_scsi.o(i.SCSI_ProcessWrite)
    SCSI_ProcessWrite                        0x08001525   Thumb Code   126  usbd_msc_scsi.o(i.SCSI_ProcessWrite)
    i.SCSI_Read10                            0x080015b4   Section        0  usbd_msc_scsi.o(i.SCSI_Read10)
    SCSI_Read10                              0x080015b5   Thumb Code   144  usbd_msc_scsi.o(i.SCSI_Read10)
    i.SCSI_ReadCapacity10                    0x08001658   Section        0  usbd_msc_scsi.o(i.SCSI_ReadCapacity10)
    SCSI_ReadCapacity10                      0x08001659   Thumb Code    86  usbd_msc_scsi.o(i.SCSI_ReadCapacity10)
    i.SCSI_ReadFormatCapacity                0x080016c0   Section        0  usbd_msc_scsi.o(i.SCSI_ReadFormatCapacity)
    SCSI_ReadFormatCapacity                  0x080016c1   Thumb Code   100  usbd_msc_scsi.o(i.SCSI_ReadFormatCapacity)
    i.SCSI_RequestSense                      0x08001730   Section        0  usbd_msc_scsi.o(i.SCSI_RequestSense)
    SCSI_RequestSense                        0x08001731   Thumb Code    86  usbd_msc_scsi.o(i.SCSI_RequestSense)
    i.SCSI_SenseCode                         0x08001798   Section        0  usbd_msc_scsi.o(i.SCSI_SenseCode)
    i.SCSI_Write10                           0x080017c4   Section        0  usbd_msc_scsi.o(i.SCSI_Write10)
    SCSI_Write10                             0x080017c5   Thumb Code   174  usbd_msc_scsi.o(i.SCSI_Write10)
    i.SPI_Cmd                                0x08001888   Section        0  stm32f4xx_spi.o(i.SPI_Cmd)
    i.SPI_I2S_GetFlagStatus                  0x0800189c   Section        0  stm32f4xx_spi.o(i.SPI_I2S_GetFlagStatus)
    i.SPI_I2S_ReceiveData                    0x080018aa   Section        0  stm32f4xx_spi.o(i.SPI_I2S_ReceiveData)
    i.SPI_I2S_SendData                       0x080018ae   Section        0  stm32f4xx_spi.o(i.SPI_I2S_SendData)
    i.SPI_Init                               0x080018b2   Section        0  stm32f4xx_spi.o(i.SPI_Init)
    i.STM_EVAL_LEDInit                       0x080018ec   Section        0  stm32f4_discovery.o(i.STM_EVAL_LEDInit)
    i.STM_EVAL_LEDToggle                     0x08001934   Section        0  stm32f4_discovery.o(i.STM_EVAL_LEDToggle)
    i.STORAGE_GetCapacity                    0x08001950   Section        0  usbd_storage_msd.o(i.STORAGE_GetCapacity)
    i.STORAGE_GetMaxLun                      0x0800197c   Section        0  usbd_storage_msd.o(i.STORAGE_GetMaxLun)
    i.STORAGE_Init                           0x08001980   Section        0  usbd_storage_msd.o(i.STORAGE_Init)
    i.STORAGE_IsReady                        0x08001990   Section        0  usbd_storage_msd.o(i.STORAGE_IsReady)
    i.STORAGE_IsWriteProtected               0x080019a0   Section        0  usbd_storage_msd.o(i.STORAGE_IsWriteProtected)
    i.STORAGE_Read                           0x080019a4   Section        0  usbd_storage_msd.o(i.STORAGE_Read)
    i.STORAGE_Write                          0x080019b8   Section        0  usbd_storage_msd.o(i.STORAGE_Write)
    i.SVC_Handler                            0x080019cc   Section        0  stm32fxxx_it.o(i.SVC_Handler)
    i.SetSysClock                            0x080019d0   Section        0  system_stm32f4xx.o(i.SetSysClock)
    SetSysClock                              0x080019d1   Thumb Code   162  system_stm32f4xx.o(i.SetSysClock)
    i.SysTick_Handler                        0x08001a84   Section        0  stm32fxxx_it.o(i.SysTick_Handler)
    i.SystemInit                             0x08001a88   Section        0  system_stm32f4xx.o(i.SystemInit)
    i.USBD_ClrCfg                            0x08001ae4   Section        0  usbd_core.o(i.USBD_ClrCfg)
    i.USBD_CtlContinueRx                     0x08001af2   Section        0  usbd_ioreq.o(i.USBD_CtlContinueRx)
    i.USBD_CtlContinueSendData               0x08001b04   Section        0  usbd_ioreq.o(i.USBD_CtlContinueSendData)
    i.USBD_CtlError                          0x08001b16   Section        0  usbd_req.o(i.USBD_CtlError)
    i.USBD_CtlReceiveStatus                  0x08001b32   Section        0  usbd_ioreq.o(i.USBD_CtlReceiveStatus)
    i.USBD_CtlSendData                       0x08001b54   Section        0  usbd_ioreq.o(i.USBD_CtlSendData)
    i.USBD_CtlSendStatus                     0x08001b74   Section        0  usbd_ioreq.o(i.USBD_CtlSendStatus)
    i.USBD_DataInStage                       0x08001b98   Section        0  usbd_core.o(i.USBD_DataInStage)
    USBD_DataInStage                         0x08001b99   Thumb Code   172  usbd_core.o(i.USBD_DataInStage)
    i.USBD_DataOutStage                      0x08001c48   Section        0  usbd_core.o(i.USBD_DataOutStage)
    USBD_DataOutStage                        0x08001c49   Thumb Code   120  usbd_core.o(i.USBD_DataOutStage)
    i.USBD_DevConnected                      0x08001cc0   Section        0  usbd_core.o(i.USBD_DevConnected)
    USBD_DevConnected                        0x08001cc1   Thumb Code    22  usbd_core.o(i.USBD_DevConnected)
    i.USBD_DevDisconnected                   0x08001cd6   Section        0  usbd_core.o(i.USBD_DevDisconnected)
    USBD_DevDisconnected                     0x08001cd7   Thumb Code    32  usbd_core.o(i.USBD_DevDisconnected)
    i.USBD_GetDescriptor                     0x08001cf6   Section        0  usbd_req.o(i.USBD_GetDescriptor)
    USBD_GetDescriptor                       0x08001cf7   Thumb Code   206  usbd_req.o(i.USBD_GetDescriptor)
    i.USBD_GetRxCount                        0x08001dc4   Section        0  usbd_ioreq.o(i.USBD_GetRxCount)
    i.USBD_GetString                         0x08001dd4   Section        0  usbd_req.o(i.USBD_GetString)
    i.USBD_Init                              0x08001e1a   Section        0  usbd_core.o(i.USBD_Init)
    i.USBD_IsoINIncomplete                   0x08001e4e   Section        0  usbd_core.o(i.USBD_IsoINIncomplete)
    USBD_IsoINIncomplete                     0x08001e4f   Thumb Code    14  usbd_core.o(i.USBD_IsoINIncomplete)
    i.USBD_IsoOUTIncomplete                  0x08001e5c   Section        0  usbd_core.o(i.USBD_IsoOUTIncomplete)
    USBD_IsoOUTIncomplete                    0x08001e5d   Thumb Code    14  usbd_core.o(i.USBD_IsoOUTIncomplete)
    i.USBD_MSC_DataIn                        0x08001e6a   Section        0  usbd_msc_core.o(i.USBD_MSC_DataIn)
    i.USBD_MSC_DataOut                       0x08001e74   Section        0  usbd_msc_core.o(i.USBD_MSC_DataOut)
    i.USBD_MSC_DeInit                        0x08001e7e   Section        0  usbd_msc_core.o(i.USBD_MSC_DeInit)
    i.USBD_MSC_GetCfgDesc                    0x08001e9c   Section        0  usbd_msc_core.o(i.USBD_MSC_GetCfgDesc)
    i.USBD_MSC_Init                          0x08001ea8   Section        0  usbd_msc_core.o(i.USBD_MSC_Init)
    i.USBD_MSC_Setup                         0x08001ed4   Section        0  usbd_msc_core.o(i.USBD_MSC_Setup)
    i.USBD_OTG_ISR_Handler                   0x08001f90   Section        0  usb_dcd_int.o(i.USBD_OTG_ISR_Handler)
    i.USBD_ParseSetupRequest                 0x08002108   Section        0  usbd_req.o(i.USBD_ParseSetupRequest)
    i.USBD_Reset                             0x0800214c   Section        0  usbd_core.o(i.USBD_Reset)
    USBD_Reset                               0x0800214d   Thumb Code    46  usbd_core.o(i.USBD_Reset)
    i.USBD_Resume                            0x0800217a   Section        0  usbd_core.o(i.USBD_Resume)
    USBD_Resume                              0x0800217b   Thumb Code    22  usbd_core.o(i.USBD_Resume)
    i.USBD_SOF                               0x08002190   Section        0  usbd_core.o(i.USBD_SOF)
    USBD_SOF                                 0x08002191   Thumb Code    16  usbd_core.o(i.USBD_SOF)
    i.USBD_SetCfg                            0x080021a0   Section        0  usbd_core.o(i.USBD_SetCfg)
    i.USBD_SetConfig                         0x080021bc   Section        0  usbd_req.o(i.USBD_SetConfig)
    USBD_SetConfig                           0x080021bd   Thumb Code   112  usbd_req.o(i.USBD_SetConfig)
    i.USBD_SetFeature                        0x08002230   Section        0  usbd_req.o(i.USBD_SetFeature)
    USBD_SetFeature                          0x08002231   Thumb Code   118  usbd_req.o(i.USBD_SetFeature)
    i.USBD_SetupStage                        0x080022ac   Section        0  usbd_core.o(i.USBD_SetupStage)
    USBD_SetupStage                          0x080022ad   Thumb Code    72  usbd_core.o(i.USBD_SetupStage)
    i.USBD_StdDevReq                         0x080022f4   Section        0  usbd_req.o(i.USBD_StdDevReq)
    i.USBD_StdEPReq                          0x080023e4   Section        0  usbd_req.o(i.USBD_StdEPReq)
    i.USBD_StdItfReq                         0x080024b8   Section        0  usbd_req.o(i.USBD_StdItfReq)
    i.USBD_Suspend                           0x080024ee   Section        0  usbd_core.o(i.USBD_Suspend)
    USBD_Suspend                             0x080024ef   Thumb Code    28  usbd_core.o(i.USBD_Suspend)
    i.USBD_USR_ConfigStrDescriptor           0x0800250c   Section        0  usbd_desc.o(i.USBD_USR_ConfigStrDescriptor)
    i.USBD_USR_DeviceConfigured              0x0800252c   Section        0  usbd_usr.o(i.USBD_USR_DeviceConfigured)
    i.USBD_USR_DeviceConnected               0x08002532   Section        0  usbd_usr.o(i.USBD_USR_DeviceConnected)
    i.USBD_USR_DeviceDescriptor              0x08002538   Section        0  usbd_desc.o(i.USBD_USR_DeviceDescriptor)
    i.USBD_USR_DeviceDisconnected            0x08002544   Section        0  usbd_usr.o(i.USBD_USR_DeviceDisconnected)
    i.USBD_USR_DeviceReset                   0x0800254a   Section        0  usbd_usr.o(i.USBD_USR_DeviceReset)
    i.USBD_USR_DeviceResumed                 0x08002550   Section        0  usbd_usr.o(i.USBD_USR_DeviceResumed)
    i.USBD_USR_DeviceSuspended               0x08002552   Section        0  usbd_usr.o(i.USBD_USR_DeviceSuspended)
    i.USBD_USR_Init                          0x08002554   Section        0  usbd_usr.o(i.USBD_USR_Init)
    i.USBD_USR_InterfaceStrDescriptor        0x08002574   Section        0  usbd_desc.o(i.USBD_USR_InterfaceStrDescriptor)
    i.USBD_USR_LangIDStrDescriptor           0x08002598   Section        0  usbd_desc.o(i.USBD_USR_LangIDStrDescriptor)
    i.USBD_USR_ManufacturerStrDescriptor     0x080025a4   Section        0  usbd_desc.o(i.USBD_USR_ManufacturerStrDescriptor)
    i.USBD_USR_ProductStrDescriptor          0x080025cc   Section        0  usbd_desc.o(i.USBD_USR_ProductStrDescriptor)
    i.USBD_USR_SerialStrDescriptor           0x08002618   Section        0  usbd_desc.o(i.USBD_USR_SerialStrDescriptor)
    i.USB_OTG_BSP_EnableInterrupt            0x08002654   Section        0  usb_bsp.o(i.USB_OTG_BSP_EnableInterrupt)
    i.USB_OTG_BSP_Init                       0x0800267c   Section        0  usb_bsp.o(i.USB_OTG_BSP_Init)
    i.USB_OTG_BSP_mDelay                     0x08002724   Section        0  usb_bsp.o(i.USB_OTG_BSP_mDelay)
    i.USB_OTG_BSP_uDelay                     0x0800272e   Section        0  usb_bsp.o(i.USB_OTG_BSP_uDelay)
    i.USB_OTG_CoreInit                       0x0800273e   Section        0  usb_core.o(i.USB_OTG_CoreInit)
    i.USB_OTG_CoreInitDev                    0x080027c0   Section        0  usb_core.o(i.USB_OTG_CoreInitDev)
    i.USB_OTG_CoreReset                      0x080028f0   Section        0  usb_core.o(i.USB_OTG_CoreReset)
    USB_OTG_CoreReset                        0x080028f1   Thumb Code    84  usb_core.o(i.USB_OTG_CoreReset)
    i.USB_OTG_DisableGlobalInt               0x08002948   Section        0  usb_core.o(i.USB_OTG_DisableGlobalInt)
    i.USB_OTG_EP0Activate                    0x08002958   Section        0  usb_core.o(i.USB_OTG_EP0Activate)
    i.USB_OTG_EP0StartXfer                   0x08002994   Section        0  usb_core.o(i.USB_OTG_EP0StartXfer)
    i.USB_OTG_EP0_OutStart                   0x08002a4c   Section        0  usb_core.o(i.USB_OTG_EP0_OutStart)
    i.USB_OTG_EPActivate                     0x08002a70   Section        0  usb_core.o(i.USB_OTG_EPActivate)
    i.USB_OTG_EPClearStall                   0x08002ac2   Section        0  usb_core.o(i.USB_OTG_EPClearStall)
    i.USB_OTG_EPDeactivate                   0x08002af4   Section        0  usb_core.o(i.USB_OTG_EPDeactivate)
    i.USB_OTG_EPSetStall                     0x08002b28   Section        0  usb_core.o(i.USB_OTG_EPSetStall)
    i.USB_OTG_EPStartXfer                    0x08002b58   Section        0  usb_core.o(i.USB_OTG_EPStartXfer)
    i.USB_OTG_EnableDevInt                   0x08002c78   Section        0  usb_core.o(i.USB_OTG_EnableDevInt)
    i.USB_OTG_EnableGlobalInt                0x08002cc8   Section        0  usb_core.o(i.USB_OTG_EnableGlobalInt)
    i.USB_OTG_FlushRxFifo                    0x08002cd8   Section        0  usb_core.o(i.USB_OTG_FlushRxFifo)
    i.USB_OTG_FlushTxFifo                    0x08002d10   Section        0  usb_core.o(i.USB_OTG_FlushTxFifo)
    i.USB_OTG_GetDeviceSpeed                 0x08002d50   Section        0  usb_core.o(i.USB_OTG_GetDeviceSpeed)
    i.USB_OTG_InitDevSpeed                   0x08002d76   Section        0  usb_core.o(i.USB_OTG_InitDevSpeed)
    i.USB_OTG_IsDeviceMode                   0x08002d82   Section        0  usb_core.o(i.USB_OTG_IsDeviceMode)
    i.USB_OTG_ReadCoreItr                    0x08002d94   Section        0  usb_core.o(i.USB_OTG_ReadCoreItr)
    i.USB_OTG_ReadDevAllInEPItr              0x08002d9e   Section        0  usb_core.o(i.USB_OTG_ReadDevAllInEPItr)
    i.USB_OTG_ReadDevAllOutEp_itr            0x08002daa   Section        0  usb_core.o(i.USB_OTG_ReadDevAllOutEp_itr)
    i.USB_OTG_ReadDevOutEP_itr               0x08002db6   Section        0  usb_core.o(i.USB_OTG_ReadDevOutEP_itr)
    i.USB_OTG_ReadPacket                     0x08002dc6   Section        0  usb_core.o(i.USB_OTG_ReadPacket)
    i.USB_OTG_SelectCore                     0x08002de8   Section        0  usb_core.o(i.USB_OTG_SelectCore)
    i.USB_OTG_SetCurrentMode                 0x08002ea8   Section        0  usb_core.o(i.USB_OTG_SetCurrentMode)
    i.USB_OTG_WritePacket                    0x08002ed2   Section        0  usb_core.o(i.USB_OTG_WritePacket)
    i.UsageFault_Handler                     0x08002efa   Section        0  stm32fxxx_it.o(i.UsageFault_Handler)
    i.__scatterload_copy                     0x08002efc   Section       14  handlers.o(i.__scatterload_copy)
    i.__scatterload_null                     0x08002f0a   Section        2  handlers.o(i.__scatterload_null)
    i.__scatterload_zeroinit                 0x08002f0c   Section       14  handlers.o(i.__scatterload_zeroinit)
    i._read_buffer                           0x08002f1c   Section        0  spi_msd_driver.o(i._read_buffer)
    i._send_command                          0x08002f88   Section        0  spi_msd_driver.o(i._send_command)
    i._send_command_hold                     0x08003000   Section        0  spi_msd_driver.o(i._send_command_hold)
    i._spi_read_write                        0x08003060   Section        0  spi_msd_driver.o(i._spi_read_write)
    i.main                                   0x08003094   Section        0  app.o(i.main)
    .constdata                               0x080030d0   Section       36  usbd_storage_msd.o(.constdata)
    .constdata                               0x080030f4   Section        7  usbd_msc_data.o(.constdata)
    .constdata                               0x080030fb   Section        8  usbd_msc_data.o(.constdata)
    .constdata                               0x08003103   Section        8  usbd_msc_data.o(.constdata)
    .constdata                               0x0800310c   Section       36  stm32f4_discovery.o(.constdata)
    .data                                    0x20000000   Section       28  usbd_usr.o(.data)
    .data                                    0x2000001c   Section       32  usbd_storage_msd.o(.data)
    .data                                    0x2000003c   Section        4  usbd_storage_msd.o(.data)
    .data                                    0x20000040   Section       28  usbd_desc.o(.data)
    .data                                    0x2000005c   Section       22  usbd_desc.o(.data)
    .data                                    0x20000074   Section       16  usbd_req.o(.data)
    cfgidx                                   0x20000074   Data           1  usbd_req.o(.data)
    .data                                    0x20000084   Section       44  usbd_core.o(.data)
    .data                                    0x200000b0   Section        4  usbd_core.o(.data)
    .data                                    0x200000b4   Section        4  usbd_core.o(.data)
    .data                                    0x200000b8   Section       24  usbd_msc_scsi.o(.data)
    .data                                    0x200000d0   Section        4  usbd_msc_bot.o(.data)
    .data                                    0x200000d4   Section       44  usbd_msc_core.o(.data)
    .data                                    0x20000100   Section       34  usbd_msc_core.o(.data)
    USBD_MSC_MaxLun                          0x20000100   Data           1  usbd_msc_core.o(.data)
    USBD_MSC_AltSet                          0x20000101   Data           1  usbd_msc_core.o(.data)
    .data                                    0x20000124   Section       20  stm32f4_discovery.o(.data)
    .bss                                     0x20000138   Section     1524  app.o(.bss)
    .bss                                     0x2000072c   Section       64  usbd_req.o(.bss)
    .bss                                     0x2000076c   Section       32  usbd_msc_scsi.o(.bss)
    .bss                                     0x2000078c   Section     4144  usbd_msc_bot.o(.bss)
    .bss                                     0x200017bc   Section       88  spi_msd_driver.o(.bss)
    STACK                                    0x20001818   Section     1024  startup_stm32f4xx.o(STACK)

    Global Symbols

    Symbol Name                              Value     Ov Type        Size  Object(Section)

    BuildAttributes$$THM_ISAv4$E$P$D$K$B$S$7EM$VFPi3$EXTD16$VFPS$VFMA$PE$A:L22UL41UL21$X:L11$S22US41US21$IEEE1$IW$USESV6$~STKCKD$USESV7$~SHL$OSPACE$EBA8$MICROLIB$REQ8$PRES8$EABIv2 0x00000000   Number         0  anon$$obj.o ABSOLUTE
    __ARM_use_no_argv                        0x00000000   Number         0  app.o ABSOLUTE
    __cpp_initialize__aeabi_                  - Undefined Weak Reference
    __cxa_finalize                            - Undefined Weak Reference
    _clock_init                               - Undefined Weak Reference
    _microlib_exit                            - Undefined Weak Reference
    __Vectors_Size                           0x00000188   Number         0  startup_stm32f4xx.o ABSOLUTE
    __Vectors                                0x08000000   Data           4  startup_stm32f4xx.o(RESET)
    __Vectors_End                            0x08000188   Data           0  startup_stm32f4xx.o(RESET)
    __main                                   0x08000189   Thumb Code     0  entry.o(.ARM.Collect$$$$00000000)
    _main_stk                                0x08000189   Thumb Code     0  entry2.o(.ARM.Collect$$$$00000001)
    _main_scatterload                        0x0800018d   Thumb Code     0  entry5.o(.ARM.Collect$$$$00000004)
    __main_after_scatterload                 0x08000191   Thumb Code     0  entry5.o(.ARM.Collect$$$$00000004)
    _main_clock                              0x08000191   Thumb Code     0  entry7b.o(.ARM.Collect$$$$00000008)
    _main_cpp_init                           0x08000191   Thumb Code     0  entry8b.o(.ARM.Collect$$$$0000000A)
    _main_init                               0x08000191   Thumb Code     0  entry9a.o(.ARM.Collect$$$$0000000B)
    __rt_final_cpp                           0x08000199   Thumb Code     0  entry10a.o(.ARM.Collect$$$$0000000D)
    __rt_final_exit                          0x08000199   Thumb Code     0  entry11a.o(.ARM.Collect$$$$0000000F)
    Reset_Handler                            0x0800019d   Thumb Code     8  startup_stm32f4xx.o(.text)
    ADC_IRQHandler                           0x080001b7   Thumb Code     0  startup_stm32f4xx.o(.text)
    CAN1_RX0_IRQHandler                      0x080001b7   Thumb Code     0  startup_stm32f4xx.o(.text)
    CAN1_RX1_IRQHandler                      0x080001b7   Thumb Code     0  startup_stm32f4xx.o(.text)
    CAN1_SCE_IRQHandler                      0x080001b7   Thumb Code     0  startup_stm32f4xx.o(.text)
    CAN1_TX_IRQHandler                       0x080001b7   Thumb Code     0  startup_stm32f4xx.o(.text)
    CAN2_RX0_IRQHandler                      0x080001b7   Thumb Code     0  startup_stm32f4xx.o(.text)
    CAN2_RX1_IRQHandler                      0x080001b7   Thumb Code     0  startup_stm32f4xx.o(.text)
    CAN2_SCE_IRQHandler                      0x080001b7   Thumb Code     0  startup_stm32f4xx.o(.text)
    CAN2_TX_IRQHandler                       0x080001b7   Thumb Code     0  startup_stm32f4xx.o(.text)
    CRYP_IRQHandler                          0x080001b7   Thumb Code     0  startup_stm32f4xx.o(.text)
    DCMI_IRQHandler                          0x080001b7   Thumb Code     0  startup_stm32f4xx.o(.text)
    DMA1_Stream0_IRQHandler                  0x080001b7   Thumb Code     0  startup_stm32f4xx.o(.text)
    DMA1_Stream1_IRQHandler                  0x080001b7   Thumb Code     0  startup_stm32f4xx.o(.text)
    DMA1_Stream2_IRQHandler                  0x080001b7   Thumb Code     0  startup_stm32f4xx.o(.text)
    DMA1_Stream3_IRQHandler                  0x080001b7   Thumb Code     0  startup_stm32f4xx.o(.text)
    DMA1_Stream4_IRQHandler                  0x080001b7   Thumb Code     0  startup_stm32f4xx.o(.text)
    DMA1_Stream5_IRQHandler                  0x080001b7   Thumb Code     0  startup_stm32f4xx.o(.text)
    DMA1_Stream6_IRQHandler                  0x080001b7   Thumb Code     0  startup_stm32f4xx.o(.text)
    DMA1_Stream7_IRQHandler                  0x080001b7   Thumb Code     0  startup_stm32f4xx.o(.text)
    DMA2_Stream0_IRQHandler                  0x080001b7   Thumb Code     0  startup_stm32f4xx.o(.text)
    DMA2_Stream1_IRQHandler                  0x080001b7   Thumb Code     0  startup_stm32f4xx.o(.text)
    DMA2_Stream2_IRQHandler                  0x080001b7   Thumb Code     0  startup_stm32f4xx.o(.text)
    DMA2_Stream3_IRQHandler                  0x080001b7   Thumb Code     0  startup_stm32f4xx.o(.text)
    DMA2_Stream4_IRQHandler                  0x080001b7   Thumb Code     0  startup_stm32f4xx.o(.text)
    DMA2_Stream5_IRQHandler                  0x080001b7   Thumb Code     0  startup_stm32f4xx.o(.text)
    DMA2_Stream6_IRQHandler                  0x080001b7   Thumb Code     0  startup_stm32f4xx.o(.text)
    DMA2_Stream7_IRQHandler                  0x080001b7   Thumb Code     0  startup_stm32f4xx.o(.text)
    ETH_IRQHandler                           0x080001b7   Thumb Code     0  startup_stm32f4xx.o(.text)
    ETH_WKUP_IRQHandler                      0x080001b7   Thumb Code     0  startup_stm32f4xx.o(.text)
    EXTI0_IRQHandler                         0x080001b7   Thumb Code     0  startup_stm32f4xx.o(.text)
    EXTI15_10_IRQHandler                     0x080001b7   Thumb Code     0  startup_stm32f4xx.o(.text)
    EXTI1_IRQHandler                         0x080001b7   Thumb Code     0  startup_stm32f4xx.o(.text)
    EXTI2_IRQHandler                         0x080001b7   Thumb Code     0  startup_stm32f4xx.o(.text)
    EXTI3_IRQHandler                         0x080001b7   Thumb Code     0  startup_stm32f4xx.o(.text)
    EXTI4_IRQHandler                         0x080001b7   Thumb Code     0  startup_stm32f4xx.o(.text)
    EXTI9_5_IRQHandler                       0x080001b7   Thumb Code     0  startup_stm32f4xx.o(.text)
    FLASH_IRQHandler                         0x080001b7   Thumb Code     0  startup_stm32f4xx.o(.text)
    FPU_IRQHandler                           0x080001b7   Thumb Code     0  startup_stm32f4xx.o(.text)
    FSMC_IRQHandler                          0x080001b7   Thumb Code     0  startup_stm32f4xx.o(.text)
    HASH_RNG_IRQHandler                      0x080001b7   Thumb Code     0  startup_stm32f4xx.o(.text)
    I2C1_ER_IRQHandler                       0x080001b7   Thumb Code     0  startup_stm32f4xx.o(.text)
    I2C1_EV_IRQHandler                       0x080001b7   Thumb Code     0  startup_stm32f4xx.o(.text)
    I2C2_ER_IRQHandler                       0x080001b7   Thumb Code     0  startup_stm32f4xx.o(.text)
    I2C2_EV_IRQHandler                       0x080001b7   Thumb Code     0  startup_stm32f4xx.o(.text)
    I2C3_ER_IRQHandler                       0x080001b7   Thumb Code     0  startup_stm32f4xx.o(.text)
    I2C3_EV_IRQHandler                       0x080001b7   Thumb Code     0  startup_stm32f4xx.o(.text)
    OTG_FS_WKUP_IRQHandler                   0x080001b7   Thumb Code     0  startup_stm32f4xx.o(.text)
    OTG_HS_EP1_IN_IRQHandler                 0x080001b7   Thumb Code     0  startup_stm32f4xx.o(.text)
    OTG_HS_EP1_OUT_IRQHandler                0x080001b7   Thumb Code     0  startup_stm32f4xx.o(.text)
    OTG_HS_IRQHandler                        0x080001b7   Thumb Code     0  startup_stm32f4xx.o(.text)
    OTG_HS_WKUP_IRQHandler                   0x080001b7   Thumb Code     0  startup_stm32f4xx.o(.text)
    PVD_IRQHandler                           0x080001b7   Thumb Code     0  startup_stm32f4xx.o(.text)
    RCC_IRQHandler                           0x080001b7   Thumb Code     0  startup_stm32f4xx.o(.text)
    RTC_Alarm_IRQHandler                     0x080001b7   Thumb Code     0  startup_stm32f4xx.o(.text)
    RTC_WKUP_IRQHandler                      0x080001b7   Thumb Code     0  startup_stm32f4xx.o(.text)
    SDIO_IRQHandler                          0x080001b7   Thumb Code     0  startup_stm32f4xx.o(.text)
    SPI1_IRQHandler                          0x080001b7   Thumb Code     0  startup_stm32f4xx.o(.text)
    SPI2_IRQHandler                          0x080001b7   Thumb Code     0  startup_stm32f4xx.o(.text)
    SPI3_IRQHandler                          0x080001b7   Thumb Code     0  startup_stm32f4xx.o(.text)
    TAMP_STAMP_IRQHandler                    0x080001b7   Thumb Code     0  startup_stm32f4xx.o(.text)
    TIM1_BRK_TIM9_IRQHandler                 0x080001b7   Thumb Code     0  startup_stm32f4xx.o(.text)
    TIM1_CC_IRQHandler                       0x080001b7   Thumb Code     0  startup_stm32f4xx.o(.text)
    TIM1_TRG_COM_TIM11_IRQHandler            0x080001b7   Thumb Code     0  startup_stm32f4xx.o(.text)
    TIM1_UP_TIM10_IRQHandler                 0x080001b7   Thumb Code     0  startup_stm32f4xx.o(.text)
    TIM2_IRQHandler                          0x080001b7   Thumb Code     0  startup_stm32f4xx.o(.text)
    TIM3_IRQHandler                          0x080001b7   Thumb Code     0  startup_stm32f4xx.o(.text)
    TIM4_IRQHandler                          0x080001b7   Thumb Code     0  startup_stm32f4xx.o(.text)
    TIM5_IRQHandler                          0x080001b7   Thumb Code     0  startup_stm32f4xx.o(.text)
    TIM6_DAC_IRQHandler                      0x080001b7   Thumb Code     0  startup_stm32f4xx.o(.text)
    TIM7_IRQHandler                          0x080001b7   Thumb Code     0  startup_stm32f4xx.o(.text)
    TIM8_BRK_TIM12_IRQHandler                0x080001b7   Thumb Code     0  startup_stm32f4xx.o(.text)
    TIM8_CC_IRQHandler                       0x080001b7   Thumb Code     0  startup_stm32f4xx.o(.text)
    TIM8_TRG_COM_TIM14_IRQHandler            0x080001b7   Thumb Code     0  startup_stm32f4xx.o(.text)
    TIM8_UP_TIM13_IRQHandler                 0x080001b7   Thumb Code     0  startup_stm32f4xx.o(.text)
    UART4_IRQHandler                         0x080001b7   Thumb Code     0  startup_stm32f4xx.o(.text)
    UART5_IRQHandler                         0x080001b7   Thumb Code     0  startup_stm32f4xx.o(.text)
    USART1_IRQHandler                        0x080001b7   Thumb Code     0  startup_stm32f4xx.o(.text)
    USART2_IRQHandler                        0x080001b7   Thumb Code     0  startup_stm32f4xx.o(.text)
    USART3_IRQHandler                        0x080001b7   Thumb Code     0  startup_stm32f4xx.o(.text)
    USART6_IRQHandler                        0x080001b7   Thumb Code     0  startup_stm32f4xx.o(.text)
    WWDG_IRQHandler                          0x080001b7   Thumb Code     0  startup_stm32f4xx.o(.text)
    __scatterload                            0x080001c1   Thumb Code    28  init.o(.text)
    __scatterload_rt2                        0x080001c1   Thumb Code     0  init.o(.text)
    __decompress                             0x080001e5   Thumb Code     0  __dczerorl2.o(.text)
    __decompress1                            0x080001e5   Thumb Code    86  __dczerorl2.o(.text)
    BusFault_Handler                         0x0800023b   Thumb Code     2  stm32fxxx_it.o(i.BusFault_Handler)
    DCD_EP_Close                             0x0800023d   Thumb Code    44  usb_dcd.o(i.DCD_EP_Close)
    DCD_EP_ClrStall                          0x08000269   Thumb Code    56  usb_dcd.o(i.DCD_EP_ClrStall)
    DCD_EP_Flush                             0x080002a1   Thumb Code    24  usb_dcd.o(i.DCD_EP_Flush)
    DCD_EP_Open                              0x080002b9   Thumb Code    60  usb_dcd.o(i.DCD_EP_Open)
    DCD_EP_PrepareRx                         0x080002f5   Thumb Code    68  usb_dcd.o(i.DCD_EP_PrepareRx)
    DCD_EP_SetAddress                        0x08000339   Thumb Code    16  usb_dcd.o(i.DCD_EP_SetAddress)
    DCD_EP_Stall                             0x08000349   Thumb Code    56  usb_dcd.o(i.DCD_EP_Stall)
    DCD_EP_Tx                                0x08000381   Thumb Code    62  usb_dcd.o(i.DCD_EP_Tx)
    DCD_Init                                 0x080006a9   Thumb Code   148  usb_dcd.o(i.DCD_Init)
    DebugMon_Handler                         0x080007bb   Thumb Code     2  stm32fxxx_it.o(i.DebugMon_Handler)
    GPIO_Init                                0x080007bd   Thumb Code   162  stm32f4xx_gpio.o(i.GPIO_Init)
    GPIO_PinAFConfig                         0x0800085f   Thumb Code    32  stm32f4xx_gpio.o(i.GPIO_PinAFConfig)
    GPIO_ReadInputDataBit                    0x0800087f   Thumb Code    14  stm32f4xx_gpio.o(i.GPIO_ReadInputDataBit)
    GPIO_ResetBits                           0x0800088d   Thumb Code     4  stm32f4xx_gpio.o(i.GPIO_ResetBits)
    GPIO_SetBits                             0x08000891   Thumb Code     4  stm32f4xx_gpio.o(i.GPIO_SetBits)
    HardFault_Handler                        0x08000895   Thumb Code     2  stm32fxxx_it.o(i.HardFault_Handler)
    MSC_BOT_CplClrFeature                    0x08000995   Thumb Code    40  usbd_msc_bot.o(i.MSC_BOT_CplClrFeature)
    MSC_BOT_DataIn                           0x080009c1   Thumb Code    56  usbd_msc_bot.o(i.MSC_BOT_DataIn)
    MSC_BOT_DataOut                          0x08000a01   Thumb Code    56  usbd_msc_bot.o(i.MSC_BOT_DataOut)
    MSC_BOT_DeInit                           0x08000a41   Thumb Code     8  usbd_msc_bot.o(i.MSC_BOT_DeInit)
    MSC_BOT_Init                             0x08000a4d   Thumb Code    54  usbd_msc_bot.o(i.MSC_BOT_Init)
    MSC_BOT_Reset                            0x08000a91   Thumb Code    20  usbd_msc_bot.o(i.MSC_BOT_Reset)
    MSC_BOT_SendCSW                          0x08000aad   Thumb Code    46  usbd_msc_bot.o(i.MSC_BOT_SendCSW)
    MSD_GetCardInfo                          0x08000ae9   Thumb Code   700  spi_msd_driver.o(i.MSD_GetCardInfo)
    MSD_Init                                 0x08000da5   Thumb Code   448  spi_msd_driver.o(i.MSD_Init)
    MSD_ReadMultiBlock                       0x08000f6d   Thumb Code   116  spi_msd_driver.o(i.MSD_ReadMultiBlock)
    MSD_SPIHighSpeed                         0x08000fe9   Thumb Code    76  spi_msd_driver.o(i.MSD_SPIHighSpeed)
    MSD_SPI_Configuration                    0x08001039   Thumb Code   200  spi_msd_driver.o(i.MSD_SPI_Configuration)
    MSD_WriteMultiBlock                      0x08001109   Thumb Code   272  spi_msd_driver.o(i.MSD_WriteMultiBlock)
    MemManage_Handler                        0x08001225   Thumb Code     2  stm32fxxx_it.o(i.MemManage_Handler)
    NMI_Handler                              0x08001227   Thumb Code     2  stm32fxxx_it.o(i.NMI_Handler)
    NVIC_Init                                0x08001229   Thumb Code    96  misc.o(i.NVIC_Init)
    NVIC_PriorityGroupConfig                 0x0800128d   Thumb Code    10  misc.o(i.NVIC_PriorityGroupConfig)
    OTG_FS_IRQHandler                        0x080012a1   Thumb Code     6  stm32fxxx_it.o(i.OTG_FS_IRQHandler)
    PendSV_Handler                           0x080012ad   Thumb Code     2  stm32fxxx_it.o(i.PendSV_Handler)
    RCC_AHB1PeriphClockCmd                   0x080012b1   Thumb Code    18  stm32f4xx_rcc.o(i.RCC_AHB1PeriphClockCmd)
    RCC_AHB2PeriphClockCmd                   0x080012c9   Thumb Code    18  stm32f4xx_rcc.o(i.RCC_AHB2PeriphClockCmd)
    RCC_APB1PeriphClockCmd                   0x080012e1   Thumb Code    18  stm32f4xx_rcc.o(i.RCC_APB1PeriphClockCmd)
    RCC_APB2PeriphClockCmd                   0x080012f9   Thumb Code    18  stm32f4xx_rcc.o(i.RCC_APB2PeriphClockCmd)
    SCSI_ProcessCmd                          0x08001335   Thumb Code   328  usbd_msc_scsi.o(i.SCSI_ProcessCmd)
    SCSI_SenseCode                           0x08001799   Thumb Code    36  usbd_msc_scsi.o(i.SCSI_SenseCode)
    SPI_Cmd                                  0x08001889   Thumb Code    20  stm32f4xx_spi.o(i.SPI_Cmd)
    SPI_I2S_GetFlagStatus                    0x0800189d   Thumb Code    14  stm32f4xx_spi.o(i.SPI_I2S_GetFlagStatus)
    SPI_I2S_ReceiveData                      0x080018ab   Thumb Code     4  stm32f4xx_spi.o(i.SPI_I2S_ReceiveData)
    SPI_I2S_SendData                         0x080018af   Thumb Code     4  stm32f4xx_spi.o(i.SPI_I2S_SendData)
    SPI_Init                                 0x080018b3   Thumb Code    56  stm32f4xx_spi.o(i.SPI_Init)
    STM_EVAL_LEDInit                         0x080018ed   Thumb Code    62  stm32f4_discovery.o(i.STM_EVAL_LEDInit)
    STM_EVAL_LEDToggle                       0x08001935   Thumb Code    20  stm32f4_discovery.o(i.STM_EVAL_LEDToggle)
    STORAGE_GetCapacity                      0x08001951   Thumb Code    40  usbd_storage_msd.o(i.STORAGE_GetCapacity)
    STORAGE_GetMaxLun                        0x0800197d   Thumb Code     4  usbd_storage_msd.o(i.STORAGE_GetMaxLun)
    STORAGE_Init                             0x08001981   Thumb Code    16  usbd_storage_msd.o(i.STORAGE_Init)
    STORAGE_IsReady                          0x08001991   Thumb Code    16  usbd_storage_msd.o(i.STORAGE_IsReady)
    STORAGE_IsWriteProtected                 0x080019a1   Thumb Code     4  usbd_storage_msd.o(i.STORAGE_IsWriteProtected)
    STORAGE_Read                             0x080019a5   Thumb Code    20  usbd_storage_msd.o(i.STORAGE_Read)
    STORAGE_Write                            0x080019b9   Thumb Code    20  usbd_storage_msd.o(i.STORAGE_Write)
    SVC_Handler                              0x080019cd   Thumb Code     2  stm32fxxx_it.o(i.SVC_Handler)
    SysTick_Handler                          0x08001a85   Thumb Code     2  stm32fxxx_it.o(i.SysTick_Handler)
    SystemInit                               0x08001a89   Thumb Code    74  system_stm32f4xx.o(i.SystemInit)
    USBD_ClrCfg                              0x08001ae5   Thumb Code    14  usbd_core.o(i.USBD_ClrCfg)
    USBD_CtlContinueRx                       0x08001af3   Thumb Code    18  usbd_ioreq.o(i.USBD_CtlContinueRx)
    USBD_CtlContinueSendData                 0x08001b05   Thumb Code    18  usbd_ioreq.o(i.USBD_CtlContinueSendData)
    USBD_CtlError                            0x08001b17   Thumb Code    28  usbd_req.o(i.USBD_CtlError)
    USBD_CtlReceiveStatus                    0x08001b33   Thumb Code    34  usbd_ioreq.o(i.USBD_CtlReceiveStatus)
    USBD_CtlSendData                         0x08001b55   Thumb Code    32  usbd_ioreq.o(i.USBD_CtlSendData)
    USBD_CtlSendStatus                       0x08001b75   Thumb Code    34  usbd_ioreq.o(i.USBD_CtlSendStatus)
    USBD_GetRxCount                          0x08001dc5   Thumb Code    16  usbd_ioreq.o(i.USBD_GetRxCount)
    USBD_GetString                           0x08001dd5   Thumb Code    70  usbd_req.o(i.USBD_GetString)
    USBD_Init                                0x08001e1b   Thumb Code    52  usbd_core.o(i.USBD_Init)
    USBD_MSC_DataIn                          0x08001e6b   Thumb Code    10  usbd_msc_core.o(i.USBD_MSC_DataIn)
    USBD_MSC_DataOut                         0x08001e75   Thumb Code    10  usbd_msc_core.o(i.USBD_MSC_DataOut)
    USBD_MSC_DeInit                          0x08001e7f   Thumb Code    28  usbd_msc_core.o(i.USBD_MSC_DeInit)
    USBD_MSC_GetCfgDesc                      0x08001e9d   Thumb Code     8  usbd_msc_core.o(i.USBD_MSC_GetCfgDesc)
    USBD_MSC_Init                            0x08001ea9   Thumb Code    42  usbd_msc_core.o(i.USBD_MSC_Init)
    USBD_MSC_Setup                           0x08001ed5   Thumb Code   178  usbd_msc_core.o(i.USBD_MSC_Setup)
    USBD_OTG_ISR_Handler                     0x08001f91   Thumb Code   370  usb_dcd_int.o(i.USBD_OTG_ISR_Handler)
    USBD_ParseSetupRequest                   0x08002109   Thumb Code    68  usbd_req.o(i.USBD_ParseSetupRequest)
    USBD_SetCfg                              0x080021a1   Thumb Code    26  usbd_core.o(i.USBD_SetCfg)
    USBD_StdDevReq                           0x080022f5   Thumb Code   236  usbd_req.o(i.USBD_StdDevReq)
    USBD_StdEPReq                            0x080023e5   Thumb Code   208  usbd_req.o(i.USBD_StdEPReq)
    USBD_StdItfReq                           0x080024b9   Thumb Code    54  usbd_req.o(i.USBD_StdItfReq)
    USBD_USR_ConfigStrDescriptor             0x0800250d   Thumb Code    16  usbd_desc.o(i.USBD_USR_ConfigStrDescriptor)
    USBD_USR_DeviceConfigured                0x0800252d   Thumb Code     6  usbd_usr.o(i.USBD_USR_DeviceConfigured)
    USBD_USR_DeviceConnected                 0x08002533   Thumb Code     6  usbd_usr.o(i.USBD_USR_DeviceConnected)
    USBD_USR_DeviceDescriptor                0x08002539   Thumb Code     8  usbd_desc.o(i.USBD_USR_DeviceDescriptor)
    USBD_USR_DeviceDisconnected              0x08002545   Thumb Code     6  usbd_usr.o(i.USBD_USR_DeviceDisconnected)
    USBD_USR_DeviceReset                     0x0800254b   Thumb Code     6  usbd_usr.o(i.USBD_USR_DeviceReset)
    USBD_USR_DeviceResumed                   0x08002551   Thumb Code     2  usbd_usr.o(i.USBD_USR_DeviceResumed)
    USBD_USR_DeviceSuspended                 0x08002553   Thumb Code     2  usbd_usr.o(i.USBD_USR_DeviceSuspended)
    USBD_USR_Init                            0x08002555   Thumb Code    30  usbd_usr.o(i.USBD_USR_Init)
    USBD_USR_InterfaceStrDescriptor          0x08002575   Thumb Code    16  usbd_desc.o(i.USBD_USR_InterfaceStrDescriptor)
    USBD_USR_LangIDStrDescriptor             0x08002599   Thumb Code     8  usbd_desc.o(i.USBD_USR_LangIDStrDescriptor)
    USBD_USR_ManufacturerStrDescriptor       0x080025a5   Thumb Code    16  usbd_desc.o(i.USBD_USR_ManufacturerStrDescriptor)
    USBD_USR_ProductStrDescriptor            0x080025cd   Thumb Code    24  usbd_desc.o(i.USBD_USR_ProductStrDescriptor)
    USBD_USR_SerialStrDescriptor             0x08002619   Thumb Code    24  usbd_desc.o(i.USBD_USR_SerialStrDescriptor)
    USB_OTG_BSP_EnableInterrupt              0x08002655   Thumb Code    40  usb_bsp.o(i.USB_OTG_BSP_EnableInterrupt)
    USB_OTG_BSP_Init                         0x0800267d   Thumb Code   164  usb_bsp.o(i.USB_OTG_BSP_Init)
    USB_OTG_BSP_mDelay                       0x08002725   Thumb Code    10  usb_bsp.o(i.USB_OTG_BSP_mDelay)
    USB_OTG_BSP_uDelay                       0x0800272f   Thumb Code    16  usb_bsp.o(i.USB_OTG_BSP_uDelay)
    USB_OTG_CoreInit                         0x0800273f   Thumb Code   128  usb_core.o(i.USB_OTG_CoreInit)
    USB_OTG_CoreInitDev                      0x080027c1   Thumb Code   304  usb_core.o(i.USB_OTG_CoreInitDev)
    USB_OTG_DisableGlobalInt                 0x08002949   Thumb Code    16  usb_core.o(i.USB_OTG_DisableGlobalInt)
    USB_OTG_EP0Activate                      0x08002959   Thumb Code    58  usb_core.o(i.USB_OTG_EP0Activate)
    USB_OTG_EP0StartXfer                     0x08002995   Thumb Code   182  usb_core.o(i.USB_OTG_EP0StartXfer)
    USB_OTG_EP0_OutStart                     0x08002a4d   Thumb Code    32  usb_core.o(i.USB_OTG_EP0_OutStart)
    USB_OTG_EPActivate                       0x08002a71   Thumb Code    82  usb_core.o(i.USB_OTG_EPActivate)
    USB_OTG_EPClearStall                     0x08002ac3   Thumb Code    50  usb_core.o(i.USB_OTG_EPClearStall)
    USB_OTG_EPDeactivate                     0x08002af5   Thumb Code    52  usb_core.o(i.USB_OTG_EPDeactivate)
    USB_OTG_EPSetStall                       0x08002b29   Thumb Code    48  usb_core.o(i.USB_OTG_EPSetStall)
    USB_OTG_EPStartXfer                      0x08002b59   Thumb Code   288  usb_core.o(i.USB_OTG_EPStartXfer)
    USB_OTG_EnableDevInt                     0x08002c79   Thumb Code    74  usb_core.o(i.USB_OTG_EnableDevInt)
    USB_OTG_EnableGlobalInt                  0x08002cc9   Thumb Code    16  usb_core.o(i.USB_OTG_EnableGlobalInt)
    USB_OTG_FlushRxFifo                      0x08002cd9   Thumb Code    52  usb_core.o(i.USB_OTG_FlushRxFifo)
    USB_OTG_FlushTxFifo                      0x08002d11   Thumb Code    60  usb_core.o(i.USB_OTG_FlushTxFifo)
    USB_OTG_GetDeviceSpeed                   0x08002d51   Thumb Code    38  usb_core.o(i.USB_OTG_GetDeviceSpeed)
    USB_OTG_InitDevSpeed                     0x08002d77   Thumb Code    12  usb_core.o(i.USB_OTG_InitDevSpeed)
    USB_OTG_IsDeviceMode                     0x08002d83   Thumb Code    18  usb_core.o(i.USB_OTG_IsDeviceMode)
    USB_OTG_ReadCoreItr                      0x08002d95   Thumb Code    10  usb_core.o(i.USB_OTG_ReadCoreItr)
    USB_OTG_ReadDevAllInEPItr                0x08002d9f   Thumb Code    12  usb_core.o(i.USB_OTG_ReadDevAllInEPItr)
    USB_OTG_ReadDevAllOutEp_itr              0x08002dab   Thumb Code    12  usb_core.o(i.USB_OTG_ReadDevAllOutEp_itr)
    USB_OTG_ReadDevOutEP_itr                 0x08002db7   Thumb Code    16  usb_core.o(i.USB_OTG_ReadDevOutEP_itr)
    USB_OTG_ReadPacket                       0x08002dc7   Thumb Code    32  usb_core.o(i.USB_OTG_ReadPacket)
    USB_OTG_SelectCore                       0x08002de9   Thumb Code   188  usb_core.o(i.USB_OTG_SelectCore)
    USB_OTG_SetCurrentMode                   0x08002ea9   Thumb Code    42  usb_core.o(i.USB_OTG_SetCurrentMode)
    USB_OTG_WritePacket                      0x08002ed3   Thumb Code    40  usb_core.o(i.USB_OTG_WritePacket)
    UsageFault_Handler                       0x08002efb   Thumb Code     2  stm32fxxx_it.o(i.UsageFault_Handler)
    __scatterload_copy                       0x08002efd   Thumb Code    14  handlers.o(i.__scatterload_copy)
    __scatterload_null                       0x08002f0b   Thumb Code     2  handlers.o(i.__scatterload_null)
    __scatterload_zeroinit                   0x08002f0d   Thumb Code    14  handlers.o(i.__scatterload_zeroinit)
    _read_buffer                             0x08002f1d   Thumb Code   104  spi_msd_driver.o(i._read_buffer)
    _send_command                            0x08002f89   Thumb Code   114  spi_msd_driver.o(i._send_command)
    _send_command_hold                       0x08003001   Thumb Code    90  spi_msd_driver.o(i._send_command_hold)
    _spi_read_write                          0x08003061   Thumb Code    48  spi_msd_driver.o(i._spi_read_write)
    main                                     0x08003095   Thumb Code    44  app.o(i.main)
    STORAGE_Inquirydata                      0x080030d0   Data          36  usbd_storage_msd.o(.constdata)
    MSC_Page00_Inquiry_Data                  0x080030f4   Data           7  usbd_msc_data.o(.constdata)
    MSC_Mode_Sense6_data                     0x080030fb   Data           8  usbd_msc_data.o(.constdata)
    MSC_Mode_Sense10_data                    0x08003103   Data           8  usbd_msc_data.o(.constdata)
    BUTTON_PORT_SOURCE                       0x0800310c   Data           1  stm32f4_discovery.o(.constdata)
    BUTTON_PIN_SOURCE                        0x0800310d   Data           1  stm32f4_discovery.o(.constdata)
    BUTTON_IRQn                              0x0800310e   Data           1  stm32f4_discovery.o(.constdata)
    BUTTON_PIN                               0x08003110   Data           2  stm32f4_discovery.o(.constdata)
    BUTTON_EXTI_LINE                         0x08003112   Data           2  stm32f4_discovery.o(.constdata)
    BUTTON_CLK                               0x08003114   Data           4  stm32f4_discovery.o(.constdata)
    GPIO_PIN                                 0x08003118   Data           8  stm32f4_discovery.o(.constdata)
    GPIO_CLK                                 0x08003120   Data          16  stm32f4_discovery.o(.constdata)
    Region$$Table$$Base                      0x08003130   Number         0  anon$$obj.o(Region$$Table)
    Region$$Table$$Limit                     0x08003150   Number         0  anon$$obj.o(Region$$Table)
    USR_cb                                   0x20000000   Data          28  usbd_usr.o(.data)
    USBD_MICRO_SDIO_fops                     0x2000001c   Data          32  usbd_storage_msd.o(.data)
    USBD_STORAGE_fops                        0x2000003c   Data           4  usbd_storage_msd.o(.data)
    USR_desc                                 0x20000040   Data          28  usbd_desc.o(.data)
    USBD_LangIDDesc                          0x2000005c   Data           4  usbd_desc.o(.data)
    USBD_DeviceDesc                          0x20000060   Data          18  usbd_desc.o(.data)
    USBD_ep_status                           0x20000078   Data           4  usbd_req.o(.data)
    USBD_default_cfg                         0x2000007c   Data           4  usbd_req.o(.data)
    USBD_cfg_status                          0x20000080   Data           4  usbd_req.o(.data)
    USBD_DCD_INT_cb                          0x20000084   Data          44  usbd_core.o(.data)
    USBD_DCD_INT_fops                        0x200000b0   Data           4  usbd_core.o(.data)
    SET_TEST_MODE                            0x200000b4   Data           4  usbd_core.o(.data)
    SCSI_Sense_Head                          0x200000b8   Data           1  usbd_msc_scsi.o(.data)
    SCSI_Sense_Tail                          0x200000b9   Data           1  usbd_msc_scsi.o(.data)
    SCSI_blk_size                            0x200000bc   Data           4  usbd_msc_scsi.o(.data)
    SCSI_blk_nbr                             0x200000c0   Data           4  usbd_msc_scsi.o(.data)
    SCSI_blk_addr                            0x200000c4   Data           4  usbd_msc_scsi.o(.data)
    SCSI_blk_len                             0x200000c8   Data           4  usbd_msc_scsi.o(.data)
    cdev                                     0x200000cc   Data           4  usbd_msc_scsi.o(.data)
    MSC_BOT_State                            0x200000d0   Data           1  usbd_msc_bot.o(.data)
    MSC_BOT_Status                           0x200000d1   Data           1  usbd_msc_bot.o(.data)
    MSC_BOT_DataLen                          0x200000d2   Data           2  usbd_msc_bot.o(.data)
    USBD_MSC_cb                              0x200000d4   Data          44  usbd_msc_core.o(.data)
    USBD_MSC_CfgDesc                         0x20000102   Data          32  usbd_msc_core.o(.data)
    BUTTON_PORT                              0x20000124   Data           4  stm32f4_discovery.o(.data)
    GPIO_PORT                                0x20000128   Data          16  stm32f4_discovery.o(.data)
    USB_OTG_dev                              0x20000138   Data        1524  app.o(.bss)
    USBD_StrDesc                             0x2000072c   Data          64  usbd_req.o(.bss)
    SCSI_Sense                               0x2000076c   Data          32  usbd_msc_scsi.o(.bss)
    MSC_BOT_Data                             0x2000078c   Data        4096  usbd_msc_bot.o(.bss)
    MSC_BOT_cbw                              0x2000178c   Data          32  usbd_msc_bot.o(.bss)
    MSC_BOT_csw                              0x200017ac   Data          16  usbd_msc_bot.o(.bss)
    CardInfo                                 0x200017bc   Data          88  spi_msd_driver.o(.bss)
    __initial_sp                             0x20001c18   Data           0  startup_stm32f4xx.o(STACK)



==============================================================================

Memory Map of the image

  Image Entry point : 0x08000189

  Load Region LR_IROM1 (Base: 0x08000000, Size: 0x00003288, Max: 0x00100000, ABSOLUTE, COMPRESSED[0x00003210])

    Execution Region ER_IROM1 (Base: 0x08000000, Size: 0x00003150, Max: 0x00100000, ABSOLUTE)

    Base Addr    Size         Type   Attr      Idx    E Section Name        Object

    0x08000000   0x00000188   Data   RO         1315    RESET               startup_stm32f4xx.o
    0x08000188   0x00000000   Code   RO         3035  * .ARM.Collect$$$$00000000  mc_w.l(entry.o)
    0x08000188   0x00000004   Code   RO         3038    .ARM.Collect$$$$00000001  mc_w.l(entry2.o)
    0x0800018c   0x00000004   Code   RO         3041    .ARM.Collect$$$$00000004  mc_w.l(entry5.o)
    0x08000190   0x00000000   Code   RO         3043    .ARM.Collect$$$$00000008  mc_w.l(entry7b.o)
    0x08000190   0x00000000   Code   RO         3045    .ARM.Collect$$$$0000000A  mc_w.l(entry8b.o)
    0x08000190   0x00000008   Code   RO         3046    .ARM.Collect$$$$0000000B  mc_w.l(entry9a.o)
    0x08000198   0x00000000   Code   RO         3048    .ARM.Collect$$$$0000000D  mc_w.l(entry10a.o)
    0x08000198   0x00000000   Code   RO         3050    .ARM.Collect$$$$0000000F  mc_w.l(entry11a.o)
    0x08000198   0x00000004   Code   RO         3039    .ARM.Collect$$$$00002712  mc_w.l(entry2.o)
    0x0800019c   0x00000024   Code   RO         1316    .text               startup_stm32f4xx.o
    0x080001c0   0x00000024   Code   RO         3052    .text               mc_w.l(init.o)
    0x080001e4   0x00000056   Code   RO         3062    .text               mc_w.l(__dczerorl2.o)
    0x0800023a   0x00000002   Code   RO          173    i.BusFault_Handler  stm32fxxx_it.o
    0x0800023c   0x0000002c   Code   RO          783    i.DCD_EP_Close      usb_dcd.o
    0x08000268   0x00000038   Code   RO          784    i.DCD_EP_ClrStall   usb_dcd.o
    0x080002a0   0x00000018   Code   RO          785    i.DCD_EP_Flush      usb_dcd.o
    0x080002b8   0x0000003c   Code   RO          786    i.DCD_EP_Open       usb_dcd.o
    0x080002f4   0x00000044   Code   RO          787    i.DCD_EP_PrepareRx  usb_dcd.o
    0x08000338   0x00000010   Code   RO          788    i.DCD_EP_SetAddress  usb_dcd.o
    0x08000348   0x00000038   Code   RO          789    i.DCD_EP_Stall      usb_dcd.o
    0x08000380   0x0000003e   Code   RO          790    i.DCD_EP_Tx         usb_dcd.o
    0x080003be   0x00000002   PAD
    0x080003c0   0x000000cc   Code   RO          513    i.DCD_HandleInEP_ISR  usb_dcd_int.o
    0x0800048c   0x000000ac   Code   RO          514    i.DCD_HandleOutEP_ISR  usb_dcd_int.o
    0x08000538   0x0000007c   Code   RO          515    i.DCD_HandleRxStatusQueueLevel_ISR  usb_dcd_int.o
    0x080005b4   0x00000070   Code   RO          516    i.DCD_HandleUSBSuspend_ISR  usb_dcd_int.o
    0x08000624   0x00000084   Code   RO          517    i.DCD_HandleUsbReset_ISR  usb_dcd_int.o
    0x080006a8   0x00000094   Code   RO          792    i.DCD_Init          usb_dcd.o
    0x0800073c   0x0000007e   Code   RO          518    i.DCD_WriteEmptyTxFifo  usb_dcd_int.o
    0x080007ba   0x00000002   Code   RO          174    i.DebugMon_Handler  stm32fxxx_it.o
    0x080007bc   0x000000a2   Code   RO         2035    i.GPIO_Init         stm32f4xx_gpio.o
    0x0800085e   0x00000020   Code   RO         2036    i.GPIO_PinAFConfig  stm32f4xx_gpio.o
    0x0800087e   0x0000000e   Code   RO         2039    i.GPIO_ReadInputDataBit  stm32f4xx_gpio.o
    0x0800088c   0x00000004   Code   RO         2042    i.GPIO_ResetBits    stm32f4xx_gpio.o
    0x08000890   0x00000004   Code   RO         2043    i.GPIO_SetBits      stm32f4xx_gpio.o
    0x08000894   0x00000002   Code   RO          175    i.HardFault_Handler  stm32fxxx_it.o
    0x08000896   0x00000002   PAD
    0x08000898   0x00000044   Code   RO         1169    i.MSC_BOT_Abort     usbd_msc_bot.o
    0x080008dc   0x000000b8   Code   RO         1170    i.MSC_BOT_CBW_Decode  usbd_msc_bot.o
    0x08000994   0x0000002c   Code   RO         1171    i.MSC_BOT_CplClrFeature  usbd_msc_bot.o
    0x080009c0   0x00000040   Code   RO         1172    i.MSC_BOT_DataIn    usbd_msc_bot.o
    0x08000a00   0x00000040   Code   RO         1173    i.MSC_BOT_DataOut   usbd_msc_bot.o
    0x08000a40   0x0000000c   Code   RO         1174    i.MSC_BOT_DeInit    usbd_msc_bot.o
    0x08000a4c   0x00000044   Code   RO         1175    i.MSC_BOT_Init      usbd_msc_bot.o
    0x08000a90   0x0000001c   Code   RO         1176    i.MSC_BOT_Reset     usbd_msc_bot.o
    0x08000aac   0x0000003c   Code   RO         1177    i.MSC_BOT_SendCSW   usbd_msc_bot.o
    0x08000ae8   0x000002bc   Code   RO         2951    i.MSD_GetCardInfo   spi_msd_driver.o
    0x08000da4   0x000001c8   Code   RO         2952    i.MSD_Init          spi_msd_driver.o
    0x08000f6c   0x0000007c   Code   RO         2953    i.MSD_ReadMultiBlock  spi_msd_driver.o
    0x08000fe8   0x00000050   Code   RO         2955    i.MSD_SPIHighSpeed  spi_msd_driver.o
    0x08001038   0x000000d0   Code   RO         2956    i.MSD_SPI_Configuration  spi_msd_driver.o
    0x08001108   0x0000011c   Code   RO         2957    i.MSD_WriteMultiBlock  spi_msd_driver.o
    0x08001224   0x00000002   Code   RO          176    i.MemManage_Handler  stm32fxxx_it.o
    0x08001226   0x00000002   Code   RO          177    i.NMI_Handler       stm32fxxx_it.o
    0x08001228   0x00000064   Code   RO          347    i.NVIC_Init         misc.o
    0x0800128c   0x00000014   Code   RO          348    i.NVIC_PriorityGroupConfig  misc.o
    0x080012a0   0x0000000c   Code   RO          178    i.OTG_FS_IRQHandler  stm32fxxx_it.o
    0x080012ac   0x00000002   Code   RO          179    i.PendSV_Handler    stm32fxxx_it.o
    0x080012ae   0x00000002   PAD
    0x080012b0   0x00000018   Code   RO         2418    i.RCC_AHB1PeriphClockCmd  stm32f4xx_rcc.o
    0x080012c8   0x00000018   Code   RO         2421    i.RCC_AHB2PeriphClockCmd  stm32f4xx_rcc.o
    0x080012e0   0x00000018   Code   RO         2427    i.RCC_APB1PeriphClockCmd  stm32f4xx_rcc.o
    0x080012f8   0x00000018   Code   RO         2430    i.RCC_APB2PeriphClockCmd  stm32f4xx_rcc.o
    0x08001310   0x00000024   Code   RO         1087    i.SCSI_CheckAddressRange  usbd_msc_scsi.o
    0x08001334   0x00000168   Code   RO         1088    i.SCSI_ProcessCmd   usbd_msc_scsi.o
    0x0800149c   0x00000088   Code   RO         1089    i.SCSI_ProcessRead  usbd_msc_scsi.o
    0x08001524   0x00000090   Code   RO         1090    i.SCSI_ProcessWrite  usbd_msc_scsi.o
    0x080015b4   0x000000a4   Code   RO         1091    i.SCSI_Read10       usbd_msc_scsi.o
    0x08001658   0x00000068   Code   RO         1092    i.SCSI_ReadCapacity10  usbd_msc_scsi.o
    0x080016c0   0x00000070   Code   RO         1093    i.SCSI_ReadFormatCapacity  usbd_msc_scsi.o
    0x08001730   0x00000068   Code   RO         1094    i.SCSI_RequestSense  usbd_msc_scsi.o
    0x08001798   0x0000002c   Code   RO         1095    i.SCSI_SenseCode    usbd_msc_scsi.o
    0x080017c4   0x000000c4   Code   RO         1096    i.SCSI_Write10      usbd_msc_scsi.o
    0x08001888   0x00000014   Code   RO         2700    i.SPI_Cmd           stm32f4xx_spi.o
    0x0800189c   0x0000000e   Code   RO         2708    i.SPI_I2S_GetFlagStatus  stm32f4xx_spi.o
    0x080018aa   0x00000004   Code   RO         2711    i.SPI_I2S_ReceiveData  stm32f4xx_spi.o
    0x080018ae   0x00000004   Code   RO         2712    i.SPI_I2S_SendData  stm32f4xx_spi.o
    0x080018b2   0x00000038   Code   RO         2713    i.SPI_Init          stm32f4xx_spi.o
    0x080018ea   0x00000002   PAD
    0x080018ec   0x00000048   Code   RO         2900    i.STM_EVAL_LEDInit  stm32f4_discovery.o
    0x08001934   0x0000001c   Code   RO         2903    i.STM_EVAL_LEDToggle  stm32f4_discovery.o
    0x08001950   0x0000002c   Code   RO          387    i.STORAGE_GetCapacity  usbd_storage_msd.o
    0x0800197c   0x00000004   Code   RO          388    i.STORAGE_GetMaxLun  usbd_storage_msd.o
    0x08001980   0x00000010   Code   RO          389    i.STORAGE_Init      usbd_storage_msd.o
    0x08001990   0x00000010   Code   RO          390    i.STORAGE_IsReady   usbd_storage_msd.o
    0x080019a0   0x00000004   Code   RO          391    i.STORAGE_IsWriteProtected  usbd_storage_msd.o
    0x080019a4   0x00000014   Code   RO          392    i.STORAGE_Read      usbd_storage_msd.o
    0x080019b8   0x00000014   Code   RO          393    i.STORAGE_Write     usbd_storage_msd.o
    0x080019cc   0x00000002   Code   RO          180    i.SVC_Handler       stm32fxxx_it.o
    0x080019ce   0x00000002   PAD
    0x080019d0   0x000000b4   Code   RO         1321    i.SetSysClock       system_stm32f4xx.o
    0x08001a84   0x00000002   Code   RO          181    i.SysTick_Handler   stm32fxxx_it.o
    0x08001a86   0x00000002   PAD
    0x08001a88   0x0000005c   Code   RO         1323    i.SystemInit        system_stm32f4xx.o
    0x08001ae4   0x0000000e   Code   RO          938    i.USBD_ClrCfg       usbd_core.o
    0x08001af2   0x00000012   Code   RO         1035    i.USBD_CtlContinueRx  usbd_ioreq.o
    0x08001b04   0x00000012   Code   RO         1036    i.USBD_CtlContinueSendData  usbd_ioreq.o
    0x08001b16   0x0000001c   Code   RO          869    i.USBD_CtlError     usbd_req.o
    0x08001b32   0x00000022   Code   RO         1038    i.USBD_CtlReceiveStatus  usbd_ioreq.o
    0x08001b54   0x00000020   Code   RO         1039    i.USBD_CtlSendData  usbd_ioreq.o
    0x08001b74   0x00000022   Code   RO         1040    i.USBD_CtlSendStatus  usbd_ioreq.o
    0x08001b96   0x00000002   PAD
    0x08001b98   0x000000b0   Code   RO          939    i.USBD_DataInStage  usbd_core.o
    0x08001c48   0x00000078   Code   RO          940    i.USBD_DataOutStage  usbd_core.o
    0x08001cc0   0x00000016   Code   RO          942    i.USBD_DevConnected  usbd_core.o
    0x08001cd6   0x00000020   Code   RO          943    i.USBD_DevDisconnected  usbd_core.o
    0x08001cf6   0x000000ce   Code   RO          870    i.USBD_GetDescriptor  usbd_req.o
    0x08001dc4   0x00000010   Code   RO         1041    i.USBD_GetRxCount   usbd_ioreq.o
    0x08001dd4   0x00000046   Code   RO          871    i.USBD_GetString    usbd_req.o
    0x08001e1a   0x00000034   Code   RO          944    i.USBD_Init         usbd_core.o
    0x08001e4e   0x0000000e   Code   RO          945    i.USBD_IsoINIncomplete  usbd_core.o
    0x08001e5c   0x0000000e   Code   RO          946    i.USBD_IsoOUTIncomplete  usbd_core.o
    0x08001e6a   0x0000000a   Code   RO         1243    i.USBD_MSC_DataIn   usbd_msc_core.o
    0x08001e74   0x0000000a   Code   RO         1244    i.USBD_MSC_DataOut  usbd_msc_core.o
    0x08001e7e   0x0000001c   Code   RO         1245    i.USBD_MSC_DeInit   usbd_msc_core.o
    0x08001e9a   0x00000002   PAD
    0x08001e9c   0x0000000c   Code   RO         1246    i.USBD_MSC_GetCfgDesc  usbd_msc_core.o
    0x08001ea8   0x0000002a   Code   RO         1247    i.USBD_MSC_Init     usbd_msc_core.o
    0x08001ed2   0x00000002   PAD
    0x08001ed4   0x000000bc   Code   RO         1248    i.USBD_MSC_Setup    usbd_msc_core.o
    0x08001f90   0x00000178   Code   RO          519    i.USBD_OTG_ISR_Handler  usb_dcd_int.o
    0x08002108   0x00000044   Code   RO          872    i.USBD_ParseSetupRequest  usbd_req.o
    0x0800214c   0x0000002e   Code   RO          947    i.USBD_Reset        usbd_core.o
    0x0800217a   0x00000016   Code   RO          948    i.USBD_Resume       usbd_core.o
    0x08002190   0x00000010   Code   RO          949    i.USBD_SOF          usbd_core.o
    0x080021a0   0x0000001a   Code   RO          950    i.USBD_SetCfg       usbd_core.o
    0x080021ba   0x00000002   PAD
    0x080021bc   0x00000074   Code   RO          873    i.USBD_SetConfig    usbd_req.o
    0x08002230   0x0000007c   Code   RO          874    i.USBD_SetFeature   usbd_req.o
    0x080022ac   0x00000048   Code   RO          951    i.USBD_SetupStage   usbd_core.o
    0x080022f4   0x000000f0   Code   RO          875    i.USBD_StdDevReq    usbd_req.o
    0x080023e4   0x000000d4   Code   RO          876    i.USBD_StdEPReq     usbd_req.o
    0x080024b8   0x00000036   Code   RO          877    i.USBD_StdItfReq    usbd_req.o
    0x080024ee   0x0000001c   Code   RO          952    i.USBD_Suspend      usbd_core.o
    0x0800250a   0x00000002   PAD
    0x0800250c   0x00000020   Code   RO          449    i.USBD_USR_ConfigStrDescriptor  usbd_desc.o
    0x0800252c   0x00000006   Code   RO          284    i.USBD_USR_DeviceConfigured  usbd_usr.o
    0x08002532   0x00000006   Code   RO          285    i.USBD_USR_DeviceConnected  usbd_usr.o
    0x08002538   0x0000000c   Code   RO          450    i.USBD_USR_DeviceDescriptor  usbd_desc.o
    0x08002544   0x00000006   Code   RO          286    i.USBD_USR_DeviceDisconnected  usbd_usr.o
    0x0800254a   0x00000006   Code   RO          287    i.USBD_USR_DeviceReset  usbd_usr.o
    0x08002550   0x00000002   Code   RO          288    i.USBD_USR_DeviceResumed  usbd_usr.o
    0x08002552   0x00000002   Code   RO          289    i.USBD_USR_DeviceSuspended  usbd_usr.o
    0x08002554   0x0000001e   Code   RO          290    i.USBD_USR_Init     usbd_usr.o
    0x08002572   0x00000002   PAD
    0x08002574   0x00000024   Code   RO          451    i.USBD_USR_InterfaceStrDescriptor  usbd_desc.o
    0x08002598   0x0000000c   Code   RO          452    i.USBD_USR_LangIDStrDescriptor  usbd_desc.o
    0x080025a4   0x00000028   Code   RO          453    i.USBD_USR_ManufacturerStrDescriptor  usbd_desc.o
    0x080025cc   0x0000004c   Code   RO          454    i.USBD_USR_ProductStrDescriptor  usbd_desc.o
    0x08002618   0x0000003c   Code   RO          455    i.USBD_USR_SerialStrDescriptor  usbd_desc.o
    0x08002654   0x00000028   Code   RO          247    i.USB_OTG_BSP_EnableInterrupt  usb_bsp.o
    0x0800267c   0x000000a8   Code   RO          248    i.USB_OTG_BSP_Init  usb_bsp.o
    0x08002724   0x0000000a   Code   RO          249    i.USB_OTG_BSP_mDelay  usb_bsp.o
    0x0800272e   0x00000010   Code   RO          250    i.USB_OTG_BSP_uDelay  usb_bsp.o
    0x0800273e   0x00000080   Code   RO          564    i.USB_OTG_CoreInit  usb_core.o
    0x080027be   0x00000002   PAD
    0x080027c0   0x00000130   Code   RO          565    i.USB_OTG_CoreInitDev  usb_core.o
    0x080028f0   0x00000058   Code   RO          566    i.USB_OTG_CoreReset  usb_core.o
    0x08002948   0x00000010   Code   RO          567    i.USB_OTG_DisableGlobalInt  usb_core.o
    0x08002958   0x0000003a   Code   RO          568    i.USB_OTG_EP0Activate  usb_core.o
    0x08002992   0x00000002   PAD
    0x08002994   0x000000b6   Code   RO          569    i.USB_OTG_EP0StartXfer  usb_core.o
    0x08002a4a   0x00000002   PAD
    0x08002a4c   0x00000024   Code   RO          570    i.USB_OTG_EP0_OutStart  usb_core.o
    0x08002a70   0x00000052   Code   RO          571    i.USB_OTG_EPActivate  usb_core.o
    0x08002ac2   0x00000032   Code   RO          572    i.USB_OTG_EPClearStall  usb_core.o
    0x08002af4   0x00000034   Code   RO          573    i.USB_OTG_EPDeactivate  usb_core.o
    0x08002b28   0x00000030   Code   RO          574    i.USB_OTG_EPSetStall  usb_core.o
    0x08002b58   0x00000120   Code   RO          575    i.USB_OTG_EPStartXfer  usb_core.o
    0x08002c78   0x00000050   Code   RO          576    i.USB_OTG_EnableDevInt  usb_core.o
    0x08002cc8   0x00000010   Code   RO          577    i.USB_OTG_EnableGlobalInt  usb_core.o
    0x08002cd8   0x00000038   Code   RO          578    i.USB_OTG_FlushRxFifo  usb_core.o
    0x08002d10   0x00000040   Code   RO          579    i.USB_OTG_FlushTxFifo  usb_core.o
    0x08002d50   0x00000026   Code   RO          580    i.USB_OTG_GetDeviceSpeed  usb_core.o
    0x08002d76   0x0000000c   Code   RO          583    i.USB_OTG_InitDevSpeed  usb_core.o
    0x08002d82   0x00000012   Code   RO          584    i.USB_OTG_IsDeviceMode  usb_core.o
    0x08002d94   0x0000000a   Code   RO          586    i.USB_OTG_ReadCoreItr  usb_core.o
    0x08002d9e   0x0000000c   Code   RO          587    i.USB_OTG_ReadDevAllInEPItr  usb_core.o
    0x08002daa   0x0000000c   Code   RO          588    i.USB_OTG_ReadDevAllOutEp_itr  usb_core.o
    0x08002db6   0x00000010   Code   RO          589    i.USB_OTG_ReadDevOutEP_itr  usb_core.o
    0x08002dc6   0x00000020   Code   RO          591    i.USB_OTG_ReadPacket  usb_core.o
    0x08002de6   0x00000002   PAD
    0x08002de8   0x000000c0   Code   RO          592    i.USB_OTG_SelectCore  usb_core.o
    0x08002ea8   0x0000002a   Code   RO          593    i.USB_OTG_SetCurrentMode  usb_core.o
    0x08002ed2   0x00000028   Code   RO          597    i.USB_OTG_WritePacket  usb_core.o
    0x08002efa   0x00000002   Code   RO          182    i.UsageFault_Handler  stm32fxxx_it.o
    0x08002efc   0x0000000e   Code   RO         3056    i.__scatterload_copy  mc_w.l(handlers.o)
    0x08002f0a   0x00000002   Code   RO         3057    i.__scatterload_null  mc_w.l(handlers.o)
    0x08002f0c   0x0000000e   Code   RO         3058    i.__scatterload_zeroinit  mc_w.l(handlers.o)
    0x08002f1a   0x00000002   PAD
    0x08002f1c   0x0000006c   Code   RO         2959    i._read_buffer      spi_msd_driver.o
    0x08002f88   0x00000078   Code   RO         2960    i._send_command     spi_msd_driver.o
    0x08003000   0x00000060   Code   RO         2961    i._send_command_hold  spi_msd_driver.o
    0x08003060   0x00000034   Code   RO         3026    i._spi_read_write   spi_msd_driver.o
    0x08003094   0x0000003c   Code   RO            2    i.main              app.o
    0x080030d0   0x00000024   Data   RO          394    .constdata          usbd_storage_msd.o
    0x080030f4   0x00000007   Data   RO         1296    .constdata          usbd_msc_data.o
    0x080030fb   0x00000008   Data   RO         1297    .constdata          usbd_msc_data.o
    0x08003103   0x00000008   Data   RO         1298    .constdata          usbd_msc_data.o
    0x0800310b   0x00000001   PAD
    0x0800310c   0x00000024   Data   RO         2906    .constdata          stm32f4_discovery.o
    0x08003130   0x00000020   Data   RO         3054    Region$$Table       anon$$obj.o


    Execution Region RW_IRAM1 (Base: 0x20000000, Size: 0x00001c18, Max: 0x00020000, ABSOLUTE, COMPRESSED[0x000000c0])

    Base Addr    Size         Type   Attr      Idx    E Section Name        Object

    0x20000000   0x0000001c   Data   RW          291    .data               usbd_usr.o
    0x2000001c   0x00000020   Data   RW          395    .data               usbd_storage_msd.o
    0x2000003c   0x00000004   Data   RW          396    .data               usbd_storage_msd.o
    0x20000040   0x0000001c   Data   RW          456    .data               usbd_desc.o
    0x2000005c   0x00000016   Data   RW          457    .data               usbd_desc.o
    0x20000072   0x00000002   PAD
    0x20000074   0x00000010   Data   RW          879    .data               usbd_req.o
    0x20000084   0x0000002c   Data   RW          953    .data               usbd_core.o
    0x200000b0   0x00000004   Data   RW          954    .data               usbd_core.o
    0x200000b4   0x00000004   Data   RW          955    .data               usbd_core.o
    0x200000b8   0x00000018   Data   RW         1098    .data               usbd_msc_scsi.o
    0x200000d0   0x00000004   Data   RW         1179    .data               usbd_msc_bot.o
    0x200000d4   0x0000002c   Data   RW         1249    .data               usbd_msc_core.o
    0x20000100   0x00000022   Data   RW         1250    .data               usbd_msc_core.o
    0x20000122   0x00000002   PAD
    0x20000124   0x00000014   Data   RW         2907    .data               stm32f4_discovery.o
    0x20000138   0x000005f4   Zero   RW            3    .bss                app.o
    0x2000072c   0x00000040   Zero   RW          878    .bss                usbd_req.o
    0x2000076c   0x00000020   Zero   RW         1097    .bss                usbd_msc_scsi.o
    0x2000078c   0x00001030   Zero   RW         1178    .bss                usbd_msc_bot.o
    0x200017bc   0x00000058   Zero   RW         2962    .bss                spi_msd_driver.o
    0x20001814   0x00000004   PAD
    0x20001818   0x00000400   Zero   RW         1313    STACK               startup_stm32f4xx.o


==============================================================================

Image component sizes


      Code (inc. data)   RO Data    RW Data    ZI Data      Debug   Object Name

        60         16          0          0       1524     252865   app.o
       120         14          0          0          0       1615   misc.o
      2228         60          0          0         88       8684   spi_msd_driver.o
        36          8        392          0       1024        920   startup_stm32f4xx.o
       100         18         36         20          0       2289   stm32f4_discovery.o
       216          0          0          0          0       3543   stm32f4xx_gpio.o
        96         24          0          0          0       2452   stm32f4xx_rcc.o
        98          0          0          0          0       3610   stm32f4xx_spi.o
        30          6          0          0          0       4530   stm32fxxx_it.o
       272         36          0          0          0       1541   system_stm32f4xx.o
       234          4          0          0          0       2475   usb_bsp.o
      1972         26          0          0          0      19362   usb_core.o
       534          0          0          0          0       6123   usb_dcd.o
      1246         40          0          0          0       7031   usb_dcd_int.o
       654          4          0         52          0      10378   usbd_core.o
       268        156          0         50          0       5236   usbd_desc.o
       152          0          0          0          0       4174   usbd_ioreq.o
       592         84          0          4       4144       8085   usbd_msc_bot.o
       290         14          0         78          0       4905   usbd_msc_core.o
         0          0         23          0          0        833   usbd_msc_data.o
      1400        176          0         24         32      11885   usbd_msc_scsi.o
      1118         44          0         16         64       7713   usbd_req.o
       124          4         36         36          0       5435   usbd_storage_msd.o
        58          0          0         28          0       3481   usbd_usr.o

    ----------------------------------------------------------------------
     11930        734        520        312       6880     379165   Object Totals
         0          0         32          0          0          0   (incl. Generated)
        32          0          1          4          4          0   (incl. Padding)

    ----------------------------------------------------------------------

      Code (inc. data)   RO Data    RW Data    ZI Data      Debug   Library Member Name

        86          0          0          0          0          0   __dczerorl2.o
         0          0          0          0          0          0   entry.o
         0          0          0          0          0          0   entry10a.o
         0          0          0          0          0          0   entry11a.o
         8          4          0          0          0          0   entry2.o
         4          0          0          0          0          0   entry5.o
         0          0          0          0          0          0   entry7b.o
         0          0          0          0          0          0   entry8b.o
         8          4          0          0          0          0   entry9a.o
        30          0          0          0          0          0   handlers.o
        36          8          0          0          0         68   init.o

    ----------------------------------------------------------------------
       174         16          0          0          0         68   Library Totals
         2          0          0          0          0          0   (incl. Padding)

    ----------------------------------------------------------------------

      Code (inc. data)   RO Data    RW Data    ZI Data      Debug   Library Name

       172         16          0          0          0         68   mc_w.l

    ----------------------------------------------------------------------
       174         16          0          0          0         68   Library Totals

    ----------------------------------------------------------------------

==============================================================================


      Code (inc. data)   RO Data    RW Data    ZI Data      Debug   

     12104        750        520        312       6880     364017   Grand Totals
     12104        750        520        192       6880     364017   ELF Image Totals (compressed)
     12104        750        520        192          0          0   ROM Totals

==============================================================================

    Total RO  Size (Code + RO Data)                12624 (  12.33kB)
    Total RW  Size (RW Data + ZI Data)              7192 (   7.02kB)
    Total ROM Size (Code + RO Data + RW Data)      12816 (  12.52kB)

==============================================================================

